******************************************************************************
          TMS320C6x COFF Linker PC v6.0.8                      
******************************************************************************
>> Linked Tue Sep 06 22:31:50 2011

OUTPUT FILE NAME:   <./Debug/rnlms.out>
ENTRY POINT SYMBOL: "_c_int00"  address: 0000a220


SECTION ALLOCATION MAP

 output                                  attributes/
section   page    origin      length       input sections
--------  ----  ----------  ----------   ----------------
.bss       0    00000000    00000000     UNINITIALIZED

.data      0    00000000    00000000     UNINITIALIZED

.vectors   0    00000000    00000000     UNINITIALIZED

.text      0    00000000    0000a4e0     
                  00000000    00000820     rnlms.obj (.text)
                  00000820    00000660     tester.obj (.text)
                  00000e80    000005a0     rts6700.lib : fwrite.obj (.text:_fwrite)
                  00001420    00000560     CircularBuffer.obj (.text)
                  00001980    00000520     rts6700.lib : _printfi.obj (.text:__setfield)
                  00001ea0    00000480                 : _printfi.obj (.text:__getarg_diouxp)
                  00002320    00000460                 : _printfi.obj (.text:__printfi)
                  00002780    00000400                 : _printfi.obj (.text:__fcpy)
                  00002b80    000003e0                 : _printfi.obj (.text:_ecvt)
                  00002f60    000003e0                 : _printfi.obj (.text:_fcvt)
                  00003340    000003a0                 : fputs.obj (.text:_fputs)
                  000036e0    000003a0                 : memory.obj (.text:_free)
                  00003a80    00000380                 : _printfi.obj (.text:__pproc_fwp)
                  00003e00    00000360                 : fread.obj (.text:_fread)
                  00004160    00000340                 : _printfi.obj (.text:__pconv_e)
                  000044a0    00000320                 : imath64.obj (.text:__divull)
                  000047c0    00000320                 : frcdivd.obj (.text:__frcdivd)
                  00004ae0    000002e0                 : _printfi.obj (.text:__pproc_diouxp)
                  00004dc0    000002e0                 : _printfi.obj (.text:__pproc_str)
                  000050a0    00000280                 : divd.obj (.text:__divd)
                  00005320    00000240                 : imath40.obj (.text:__divul)
                  00005560    00000240                 : memcpy62.obj (.text:_memcpy)
                  000057a0    00000220                 : trgdrv.obj (.text:_HOSTrename)
                  000059c0    00000220                 : _printfi.obj (.text:__mcpy)
                  00005be0    00000220                 : fopen.obj (.text:__openfile)
                  00005e00    00000220                 : setvbuf.obj (.text:_setvbuf)
                  00006020    00000200                 : _printfi.obj (.text:__pconv_g)
                  00006220    00000200                 : memory.obj (.text:_malloc)
                  00006420    00000200                 : lowlev.obj (.text:_open)
                  00006620    000001c0                 : _printfi.obj (.text:__ltostr)
                  000067e0    000001c0                 : sqrtf.obj (.text:_sqrtf)
                  000069a0    000001a0     utils.obj (.text)
                  00006b40    000001a0     rts6700.lib : _bufread.obj (.text:__buff_read)
                  00006ce0    000001a0                 : divf.obj (.text:__divf)
                  00006e80    000001a0                 : lowlev.obj (.text:_getdevice)
                  00007020    00000180                 : fputc.obj (.text:_fputc)
                  000071a0    00000160                 : _printfi.obj (.text:__pproc_fflags)
                  00007300    00000160                 : fopen.obj (.text:__search_fp)
                  00007460    00000160                 : fclose.obj (.text:_fclose)
                  000075c0    00000160                 : ldexpf.obj (.text:_ldexpf)
                  00007720    00000140                 : trgdrv.obj (.text:_HOSTopen)
                  00007860    00000140                 : atoi.obj (.text:_atoi)
                  000079a0    00000140                 : exit.obj (.text:_exit)
                  00007ae0    00000140                 : fflush.obj (.text:_fflush)
                  00007c20    00000140                 : ltoa.obj (.text:_ltoa)
                  00007d60    00000140                 : memset.obj (.text:_memset)
                  00007ea0    00000120                 : trgdrv.obj (.text:_HOSTlseek)
                  00007fc0    00000120                 : trgdrv.obj (.text:_HOSTread)
                  000080e0    00000120                 : trgdrv.obj (.text:_HOSTwrite)
                  00008200    00000120                 : autoinit.obj (.text:__auto_init)
                  00008320    00000120                 : fopen.obj (.text:__cleanup)
                  00008440    00000120                 : _printfi.obj (.text:__div)
                  00008560    00000120                 : imath40.obj (.text:__divli)
                  00008680    00000120                 : _io_perm.obj (.text:__wrt_ok)
                  000087a0    00000120                 : lowlev.obj (.text:_close)
                  000088c0    00000120                 : fseek.obj (.text:_fseek)
                  000089e0    00000120                 : lowlev.obj (.text:_lseek)
                  00008b00    00000120                 : lowlev.obj (.text:_read)
                  00008c20    00000120                 : lowlev.obj (.text:_write)
                  00008d40    00000100                 : trgdrv.obj (.text:_HOSTunlink)
                  00008e40    00000100                 : _printfi.obj (.text:__ecpy)
                  00008f40    00000100                 : frcdivf.obj (.text:__frcdivf)
                  00009040    00000100                 : _printfi.obj (.text:__pconv_f)
                  00009140    00000100                 : _printfi.obj (.text:__pproc_fge)
                  00009240    00000100                 : frexpf.obj (.text:_frexpf)
                  00009340    000000e0                 : trgdrv.obj (.text:_HOSTclose)
                  00009420    000000e0                 : memory.obj (.text:_minsert)
                  00009500    000000c0                 : divu.obj (.text:__divu)
                  000095c0    000000c0                 : fflush.obj (.text:__doflush)
                  00009680    000000c0                 : fixdli.obj (.text:__fixdli)
                  00009740    000000c0                 : _io_perm.obj (.text:__rd_ok)
                  00009800    000000c0                 : lowlev.obj (.text:_finddevice)
                  000098c0    000000c0                 : memory.obj (.text:_mremove)
                  00009980    000000c0                 : trgmsg.obj (.text:_readmsg)
                  00009a40    000000c0                 : lowlev.obj (.text:_tabinit)
                  00009b00    000000c0                 : trgmsg.obj (.text:_writemsg)
                  00009bc0    000000a0                 : fltlid.obj (.text:__fltlid)
                  00009c60    000000a0                 : mpyll.obj (.text:__mpyll)
                  00009d00    000000a0                 : imath40.obj (.text:__remli)
                  00009da0    000000a0                 : fopen.obj (.text:_fopen)
                  00009e40    000000a0                 : fprintf.obj (.text:_fprintf)
                  00009ee0    000000a0                 : printf.obj (.text:_printf)
                  00009f80    000000a0                 : lowlev.obj (.text:_unlink)
                  0000a020    00000080     global.obj (.text)
                  0000a0a0    00000080     rts6700.lib : assert.obj (.text:__abort_msg)
                  0000a120    00000080                 : llshift.obj (.text:__llshl)
                  0000a1a0    00000080                 : llshift.obj (.text:__llshru)
                  0000a220    00000080                 : boot.obj (.text:_c_int00)
                  0000a2a0    00000080                 : memccpy.obj (.text:_memccpy)
                  0000a320    00000060                 : imath64.obj (.text:__subcull)
                  0000a380    00000040                 : args_main.obj (.text:__args_main)
                  0000a3c0    00000020                 : negll.obj (.text:__negll)
                  0000a3e0    00000020                 : _lock.obj (.text:__nop)
                  0000a400    00000020                 : printf.obj (.text:__outc)
                  0000a420    00000020                 : fprintf.obj (.text:__outc)
                  0000a440    00000020                 : printf.obj (.text:__outs)
                  0000a460    00000020                 : fprintf.obj (.text:__outs)
                  0000a480    00000020                 : exit.obj (.text:_abort)
                  0000a4a0    00000020                 : feof.obj (.text:_feof)
                  0000a4c0    00000020                 : remove.obj (.text:_remove)

.sysmem    0    0000a4e0    000007d0     UNINITIALIZED
                  0000a4e0    00000008     rts6700.lib : memory.obj (.sysmem)

.stack     0    0000acb0    00000640     UNINITIALIZED
                  0000acb0    00000008     rts6700.lib : boot.obj (.stack)

.far       0    0000b2f0    000003d4     UNINITIALIZED
                  0000b2f0    00000194     rts6700.lib : defs.obj (.far)
                  0000b484    000000d0                 : trgdrv.obj (.far)
                  0000b554    000000cc                 : lowlev.obj (.far)
                  0000b620    0000008c                 : exit.obj (.far)
                  0000b6ac    00000008                 : _lock.obj (.far)
                  0000b6b4    00000008                 : memory.obj (.far)
                  0000b6bc    00000004                 : errno.obj (.far)
                  0000b6c0    00000004                 : fopen.obj (.far)

.const     0    0000b6c4    0000026d     
                  0000b6c4    00000101     rts6700.lib : ctype.obj (.const)
                  0000b7c5    00000003                 : assert.obj (.const)
                  0000b7c8    000000c3     tester.obj (.const)
                  0000b88b    00000001     --HOLE-- [fill = 0]
                  0000b88c    0000004c     CircularBuffer.obj (.const)
                  0000b8d8    00000034     global.obj (.const)
                  0000b90c    00000023     rts6700.lib : _printfi.obj (.const)
                  0000b92f    00000002                 : fputs.obj (.const)

.cinit     0    0000b938    00000164     
                  0000b938    0000005c     rts6700.lib : lowlev.obj (.cinit)
                  0000b994    00000004     --HOLE-- [fill = 0]
                  0000b998    0000005c                 : defs.obj (.cinit)
                  0000b9f4    00000004     --HOLE-- [fill = 0]
                  0000b9f8    0000002c                 : memory.obj (.cinit)
                  0000ba24    00000004     --HOLE-- [fill = 0]
                  0000ba28    0000002c                 : exit.obj (.cinit)
                  0000ba54    00000004     --HOLE-- [fill = 0]
                  0000ba58    0000001c                 : _lock.obj (.cinit)
                  0000ba74    00000004     --HOLE-- [fill = 0]
                  0000ba78    0000000c                 : errno.obj (.cinit)
                  0000ba84    00000004     --HOLE-- [fill = 0]
                  0000ba88    0000000c                 : fopen.obj (.cinit)
                  0000ba94    00000008     --HOLE-- [fill = 0]

.cio       0    0000ba9c    00000120     UNINITIALIZED
                  0000ba9c    00000120     rts6700.lib : trgmsg.obj (.cio)

.switch    0    0000bbbc    00000010     
                  0000bbbc    00000010     rts6700.lib : frcdivd.obj (.switch)


GLOBAL SYMBOLS: SORTED ALPHABETICALLY BY Name 

address    name
--------   ----
00000000   $bss
00000000   .bss
00000000   .data
00000000   .text
0000a480   C$$EXIT
00009bac   C$$IO$$
00001420   _CB_calc_pos
000018dc   _CB_get_elem
0000192c   _CB_get_first_elem
00001748   _CB_init
00001874   _CB_push_elem
00001724   _CB_size
00009340   _HOSTclose
00007ea0   _HOSTlseek
00007720   _HOSTopen
00007fc0   _HOSTread
000057a0   _HOSTrename
00008d40   _HOSTunlink
000080e0   _HOSTwrite
000069e4   _MIN
00006a14   _MIN_size_t
000069a0   _SIGN
0000ba9c   __CIOBUF_
00000640   __STACK_SIZE
000007d0   __SYSMEM_SIZE
ffffffff   ___binit__
00000000   ___bss__
ffffffff   ___c_args__
0000b938   ___cinit__
00000000   ___data__
00000000   ___edata__
00000000   ___end__
0000a4e0   ___etext__
ffffffff   ___pinit__
00000000   ___text__
0000a0a0   __abort_msg
0000a380   __args_main
00008200   __auto_init
00006b40   __buff_read
00008320   __cleanup
0000b6a4   __cleanup_ptr
0000b6c4   __ctypes_
000050a0   __divd
00006ce0   __divf
00008560   __divli
00009500   __divu
00005320   __divul
000044a0   __divull
000095c0   __doflush
0000b6a8   __dtors_ptr
00009680   __fixdli
00009bc0   __fltlid
000047c0   __frcdivd
00008f40   __frcdivf
0000b480   __ft_end
0000b2f0   __ftable
0000a120   __llshl
0000a1a0   __llshru
0000b6ac   __lock
00009c60   __mpyll
0000a3c0   __negll
0000a3e0   __nop
00002320   __printfi
00009740   __rd_ok
00009d00   __remli
0000acb0   __stack
0000a320   __subcull
0000a4e0   __sys_memory
0000b3e0   __tmpnams
0000b6b0   __unlock
00008680   __wrt_ok
0000a480   _abort
00007860   _atoi
0000a220   _c_int00
00000230   _calc_norma
000087a0   _close
00006a40   _convert_from_NUM_to_int16
00006ac0   _convert_from_int16_to_NUM
00001488   _convolution_CB_and_CB
00001590   _convolution_CB_and_vector
0000b6bc   _errno
000079a0   _exit
00007460   _fclose
0000a4a0   _feof
00007ae0   _fflush
000001ec   _filter_output
00009da0   _fopen
00009e40   _fprintf
00007020   _fputc
00003340   _fputs
00003e00   _fread
000036e0   _free
00009240   _frexpf
000088c0   _fseek
00000e80   _fwrite
000002e8   _insert_right
000075c0   _ldexpf
000089e0   _lseek
00007c20   _ltoa
00000d74   _main
00006220   _malloc
0000a2a0   _memccpy
00005560   _memcpy
00007d60   _memset
0000a040   _my_sqrtf
00006420   _open
00009ee0   _printf
00007020   _putc
00008b00   _read
00009980   _readmsg
0000a4c0   _remove
00000378   _rlms_func
00000040   _rlms_init
00000000   _rlms_sizeOfRequiredMemory
00005e00   _setvbuf
0000a020   _sqr
000067e0   _sqrtf
000008fc   _testAlgo
00000820   _testBlock
00009f80   _unlink
00008c20   _write
00009b00   _writemsg
ffffffff   binit
0000b938   cinit
00000000   edata
00000000   end
0000a4e0   etext
ffffffff   pinit


GLOBAL SYMBOLS: SORTED BY Symbol Address 

address    name
--------   ----
00000000   $bss
00000000   .bss
00000000   .data
00000000   .text
00000000   ___bss__
00000000   ___data__
00000000   ___edata__
00000000   ___end__
00000000   ___text__
00000000   _rlms_sizeOfRequiredMemory
00000000   edata
00000000   end
00000040   _rlms_init
000001ec   _filter_output
00000230   _calc_norma
000002e8   _insert_right
00000378   _rlms_func
00000640   __STACK_SIZE
000007d0   __SYSMEM_SIZE
00000820   _testBlock
000008fc   _testAlgo
00000d74   _main
00000e80   _fwrite
00001420   _CB_calc_pos
00001488   _convolution_CB_and_CB
00001590   _convolution_CB_and_vector
00001724   _CB_size
00001748   _CB_init
00001874   _CB_push_elem
000018dc   _CB_get_elem
0000192c   _CB_get_first_elem
00002320   __printfi
00003340   _fputs
000036e0   _free
00003e00   _fread
000044a0   __divull
000047c0   __frcdivd
000050a0   __divd
00005320   __divul
00005560   _memcpy
000057a0   _HOSTrename
00005e00   _setvbuf
00006220   _malloc
00006420   _open
000067e0   _sqrtf
000069a0   _SIGN
000069e4   _MIN
00006a14   _MIN_size_t
00006a40   _convert_from_NUM_to_int16
00006ac0   _convert_from_int16_to_NUM
00006b40   __buff_read
00006ce0   __divf
00007020   _fputc
00007020   _putc
00007460   _fclose
000075c0   _ldexpf
00007720   _HOSTopen
00007860   _atoi
000079a0   _exit
00007ae0   _fflush
00007c20   _ltoa
00007d60   _memset
00007ea0   _HOSTlseek
00007fc0   _HOSTread
000080e0   _HOSTwrite
00008200   __auto_init
00008320   __cleanup
00008560   __divli
00008680   __wrt_ok
000087a0   _close
000088c0   _fseek
000089e0   _lseek
00008b00   _read
00008c20   _write
00008d40   _HOSTunlink
00008f40   __frcdivf
00009240   _frexpf
00009340   _HOSTclose
00009500   __divu
000095c0   __doflush
00009680   __fixdli
00009740   __rd_ok
00009980   _readmsg
00009b00   _writemsg
00009bac   C$$IO$$
00009bc0   __fltlid
00009c60   __mpyll
00009d00   __remli
00009da0   _fopen
00009e40   _fprintf
00009ee0   _printf
00009f80   _unlink
0000a020   _sqr
0000a040   _my_sqrtf
0000a0a0   __abort_msg
0000a120   __llshl
0000a1a0   __llshru
0000a220   _c_int00
0000a2a0   _memccpy
0000a320   __subcull
0000a380   __args_main
0000a3c0   __negll
0000a3e0   __nop
0000a480   C$$EXIT
0000a480   _abort
0000a4a0   _feof
0000a4c0   _remove
0000a4e0   ___etext__
0000a4e0   __sys_memory
0000a4e0   etext
0000acb0   __stack
0000b2f0   __ftable
0000b3e0   __tmpnams
0000b480   __ft_end
0000b6a4   __cleanup_ptr
0000b6a8   __dtors_ptr
0000b6ac   __lock
0000b6b0   __unlock
0000b6bc   _errno
0000b6c4   __ctypes_
0000b938   ___cinit__
0000b938   cinit
0000ba9c   __CIOBUF_
ffffffff   ___binit__
ffffffff   ___c_args__
ffffffff   ___pinit__
ffffffff   binit
ffffffff   pinit

[128 symbols]
