******************************************************************************
          TMS320C6x COFF Linker PC v6.0.8                      
******************************************************************************
>> Linked Mon Sep 05 22:55:53 2011

OUTPUT FILE NAME:   <./Debug/rnlms.out>
ENTRY POINT SYMBOL: "_c_int00"  address: 0000a120


SECTION ALLOCATION MAP

 output                                  attributes/
section   page    origin      length       input sections
--------  ----  ----------  ----------   ----------------
.bss       0    00000000    00000000     UNINITIALIZED

.data      0    00000000    00000000     UNINITIALIZED

.vectors   0    00000000    00000000     UNINITIALIZED

.text      0    00000000    0000a3a0     
                  00000000    00000820     rnlms.obj (.text)
                  00000820    00000600     tester.obj (.text)
                  00000e20    000005a0     rts6700.lib : fwrite.obj (.text:_fwrite)
                  000013c0    00000560     CircularBuffer.obj (.text)
                  00001920    00000520     rts6700.lib : _printfi.obj (.text:__setfield)
                  00001e40    00000480                 : _printfi.obj (.text:__getarg_diouxp)
                  000022c0    00000460                 : _printfi.obj (.text:__printfi)
                  00002720    00000400                 : _printfi.obj (.text:__fcpy)
                  00002b20    000003e0                 : _printfi.obj (.text:_ecvt)
                  00002f00    000003e0                 : _printfi.obj (.text:_fcvt)
                  000032e0    000003a0                 : fputs.obj (.text:_fputs)
                  00003680    000003a0                 : memory.obj (.text:_free)
                  00003a20    00000380                 : _printfi.obj (.text:__pproc_fwp)
                  00003da0    00000360                 : fread.obj (.text:_fread)
                  00004100    00000340                 : _printfi.obj (.text:__pconv_e)
                  00004440    00000320                 : imath64.obj (.text:__divull)
                  00004760    00000320                 : frcdivd.obj (.text:__frcdivd)
                  00004a80    000002e0                 : _printfi.obj (.text:__pproc_diouxp)
                  00004d60    000002e0                 : _printfi.obj (.text:__pproc_str)
                  00005040    00000280                 : divd.obj (.text:__divd)
                  000052c0    00000240                 : imath40.obj (.text:__divul)
                  00005500    00000240                 : memcpy62.obj (.text:_memcpy)
                  00005740    00000220                 : trgdrv.obj (.text:_HOSTrename)
                  00005960    00000220                 : _printfi.obj (.text:__mcpy)
                  00005b80    00000220                 : fopen.obj (.text:__openfile)
                  00005da0    00000220                 : setvbuf.obj (.text:_setvbuf)
                  00005fc0    00000200                 : _printfi.obj (.text:__pconv_g)
                  000061c0    00000200                 : memory.obj (.text:_malloc)
                  000063c0    00000200                 : lowlev.obj (.text:_open)
                  000065c0    000001c0                 : _printfi.obj (.text:__ltostr)
                  00006780    000001c0                 : sqrtf.obj (.text:_sqrtf)
                  00006940    000001a0     utils.obj (.text)
                  00006ae0    000001a0     rts6700.lib : _bufread.obj (.text:__buff_read)
                  00006c80    000001a0                 : divf.obj (.text:__divf)
                  00006e20    000001a0                 : lowlev.obj (.text:_getdevice)
                  00006fc0    00000180                 : fputc.obj (.text:_fputc)
                  00007140    00000160                 : _printfi.obj (.text:__pproc_fflags)
                  000072a0    00000160                 : fopen.obj (.text:__search_fp)
                  00007400    00000160                 : fclose.obj (.text:_fclose)
                  00007560    00000160                 : ldexpf.obj (.text:_ldexpf)
                  000076c0    00000140                 : trgdrv.obj (.text:_HOSTopen)
                  00007800    00000140                 : atoi.obj (.text:_atoi)
                  00007940    00000140                 : exit.obj (.text:_exit)
                  00007a80    00000140                 : fflush.obj (.text:_fflush)
                  00007bc0    00000140                 : ltoa.obj (.text:_ltoa)
                  00007d00    00000140                 : memset.obj (.text:_memset)
                  00007e40    00000120                 : trgdrv.obj (.text:_HOSTlseek)
                  00007f60    00000120                 : trgdrv.obj (.text:_HOSTread)
                  00008080    00000120                 : trgdrv.obj (.text:_HOSTwrite)
                  000081a0    00000120                 : autoinit.obj (.text:__auto_init)
                  000082c0    00000120                 : fopen.obj (.text:__cleanup)
                  000083e0    00000120                 : _printfi.obj (.text:__div)
                  00008500    00000120                 : imath40.obj (.text:__divli)
                  00008620    00000120                 : _io_perm.obj (.text:__wrt_ok)
                  00008740    00000120                 : lowlev.obj (.text:_close)
                  00008860    00000120                 : fseek.obj (.text:_fseek)
                  00008980    00000120                 : lowlev.obj (.text:_lseek)
                  00008aa0    00000120                 : lowlev.obj (.text:_read)
                  00008bc0    00000120                 : lowlev.obj (.text:_write)
                  00008ce0    00000100                 : trgdrv.obj (.text:_HOSTunlink)
                  00008de0    00000100                 : _printfi.obj (.text:__ecpy)
                  00008ee0    00000100                 : frcdivf.obj (.text:__frcdivf)
                  00008fe0    00000100                 : _printfi.obj (.text:__pconv_f)
                  000090e0    00000100                 : _printfi.obj (.text:__pproc_fge)
                  000091e0    00000100                 : frexpf.obj (.text:_frexpf)
                  000092e0    000000e0                 : trgdrv.obj (.text:_HOSTclose)
                  000093c0    000000e0                 : memory.obj (.text:_minsert)
                  000094a0    000000c0                 : divu.obj (.text:__divu)
                  00009560    000000c0                 : fflush.obj (.text:__doflush)
                  00009620    000000c0                 : fixdli.obj (.text:__fixdli)
                  000096e0    000000c0                 : _io_perm.obj (.text:__rd_ok)
                  000097a0    000000c0                 : lowlev.obj (.text:_finddevice)
                  00009860    000000c0                 : memory.obj (.text:_mremove)
                  00009920    000000c0                 : trgmsg.obj (.text:_readmsg)
                  000099e0    000000c0                 : lowlev.obj (.text:_tabinit)
                  00009aa0    000000c0                 : trgmsg.obj (.text:_writemsg)
                  00009b60    000000a0                 : fltlid.obj (.text:__fltlid)
                  00009c00    000000a0                 : mpyll.obj (.text:__mpyll)
                  00009ca0    000000a0                 : imath40.obj (.text:__remli)
                  00009d40    000000a0                 : fopen.obj (.text:_fopen)
                  00009de0    000000a0                 : fprintf.obj (.text:_fprintf)
                  00009e80    000000a0                 : lowlev.obj (.text:_unlink)
                  00009f20    00000080     global.obj (.text)
                  00009fa0    00000080     rts6700.lib : assert.obj (.text:__abort_msg)
                  0000a020    00000080                 : llshift.obj (.text:__llshl)
                  0000a0a0    00000080                 : llshift.obj (.text:__llshru)
                  0000a120    00000080                 : boot.obj (.text:_c_int00)
                  0000a1a0    00000080                 : memccpy.obj (.text:_memccpy)
                  0000a220    00000060                 : imath64.obj (.text:__subcull)
                  0000a280    00000040                 : args_main.obj (.text:__args_main)
                  0000a2c0    00000020                 : negll.obj (.text:__negll)
                  0000a2e0    00000020                 : _lock.obj (.text:__nop)
                  0000a300    00000020                 : fprintf.obj (.text:__outc)
                  0000a320    00000020                 : fprintf.obj (.text:__outs)
                  0000a340    00000020                 : exit.obj (.text:_abort)
                  0000a360    00000020                 : feof.obj (.text:_feof)
                  0000a380    00000020                 : remove.obj (.text:_remove)

.far       0    0000a3a0    00002ae4     UNINITIALIZED
                  0000a3a0    00002710     tester.obj (.far)
                  0000cab0    00000194     rts6700.lib : defs.obj (.far)
                  0000cc44    000000d0                 : trgdrv.obj (.far)
                  0000cd14    000000cc                 : lowlev.obj (.far)
                  0000cde0    0000008c                 : exit.obj (.far)
                  0000ce6c    00000008                 : _lock.obj (.far)
                  0000ce74    00000008                 : memory.obj (.far)
                  0000ce7c    00000004                 : errno.obj (.far)
                  0000ce80    00000004                 : fopen.obj (.far)

.stack     0    0000ce88    000004b0     UNINITIALIZED
                  0000ce88    00000008     rts6700.lib : boot.obj (.stack)

.sysmem    0    0000d338    000004b0     UNINITIALIZED
                  0000d338    00000008     rts6700.lib : memory.obj (.sysmem)

.const     0    0000d7e8    00000269     
                  0000d7e8    00000101     rts6700.lib : ctype.obj (.const)
                  0000d8e9    00000003                 : assert.obj (.const)
                  0000d8ec    000000bf     tester.obj (.const)
                  0000d9ab    00000001     --HOLE-- [fill = 0]
                  0000d9ac    0000004c     CircularBuffer.obj (.const)
                  0000d9f8    00000034     global.obj (.const)
                  0000da2c    00000023     rts6700.lib : _printfi.obj (.const)
                  0000da4f    00000002                 : fputs.obj (.const)

.cinit     0    0000da58    00000164     
                  0000da58    0000005c     rts6700.lib : lowlev.obj (.cinit)
                  0000dab4    00000004     --HOLE-- [fill = 0]
                  0000dab8    0000005c                 : defs.obj (.cinit)
                  0000db14    00000004     --HOLE-- [fill = 0]
                  0000db18    0000002c                 : memory.obj (.cinit)
                  0000db44    00000004     --HOLE-- [fill = 0]
                  0000db48    0000002c                 : exit.obj (.cinit)
                  0000db74    00000004     --HOLE-- [fill = 0]
                  0000db78    0000001c                 : _lock.obj (.cinit)
                  0000db94    00000004     --HOLE-- [fill = 0]
                  0000db98    0000000c                 : errno.obj (.cinit)
                  0000dba4    00000004     --HOLE-- [fill = 0]
                  0000dba8    0000000c                 : fopen.obj (.cinit)
                  0000dbb4    00000008     --HOLE-- [fill = 0]

.cio       0    0000dbbc    00000120     UNINITIALIZED
                  0000dbbc    00000120     rts6700.lib : trgmsg.obj (.cio)

.switch    0    0000dcdc    00000010     
                  0000dcdc    00000010     rts6700.lib : frcdivd.obj (.switch)


GLOBAL SYMBOLS: SORTED ALPHABETICALLY BY Name 

address    name
--------   ----
00000000   $bss
00000000   .bss
00000000   .data
00000000   .text
0000a340   C$$EXIT
00009b4c   C$$IO$$
000013c0   _CB_calc_pos
0000187c   _CB_get_elem
000018cc   _CB_get_first_elem
000016e8   _CB_init
00001814   _CB_push_elem
000016c4   _CB_size
000092e0   _HOSTclose
00007e40   _HOSTlseek
000076c0   _HOSTopen
00007f60   _HOSTread
00005740   _HOSTrename
00008ce0   _HOSTunlink
00008080   _HOSTwrite
00006984   _MIN
000069b4   _MIN_size_t
00006940   _SIGN
0000dbbc   __CIOBUF_
000004b0   __STACK_SIZE
000004b0   __SYSMEM_SIZE
ffffffff   ___binit__
00000000   ___bss__
ffffffff   ___c_args__
0000da58   ___cinit__
00000000   ___data__
00000000   ___edata__
00000000   ___end__
0000a3a0   ___etext__
ffffffff   ___pinit__
00000000   ___text__
00009fa0   __abort_msg
0000a280   __args_main
000081a0   __auto_init
00006ae0   __buff_read
000082c0   __cleanup
0000ce64   __cleanup_ptr
0000d7e8   __ctypes_
00005040   __divd
00006c80   __divf
00008500   __divli
000094a0   __divu
000052c0   __divul
00004440   __divull
00009560   __doflush
0000ce68   __dtors_ptr
00009620   __fixdli
00009b60   __fltlid
00004760   __frcdivd
00008ee0   __frcdivf
0000cc40   __ft_end
0000cab0   __ftable
0000a020   __llshl
0000a0a0   __llshru
0000ce6c   __lock
00009c00   __mpyll
0000a2c0   __negll
0000a2e0   __nop
000022c0   __printfi
000096e0   __rd_ok
00009ca0   __remli
0000ce88   __stack
0000a220   __subcull
0000d338   __sys_memory
0000cba0   __tmpnams
0000ce70   __unlock
00008620   __wrt_ok
0000a340   _abort
00007800   _atoi
0000a120   _c_int00
00000230   _calc_norma
00008740   _close
000069e0   _convert_from_NUM_to_int16
00006a60   _convert_from_int16_to_NUM
00001428   _convolution_CB_and_CB
00001530   _convolution_CB_and_vector
0000ce7c   _errno
00007940   _exit
00007400   _fclose
0000a360   _feof
00007a80   _fflush
0000a3a0   _filterStruct
000001ec   _filter_output
00009d40   _fopen
00009de0   _fprintf
00006fc0   _fputc
000032e0   _fputs
00003da0   _fread
00003680   _free
000091e0   _frexpf
00008860   _fseek
00000e20   _fwrite
000002e8   _insert_right
00007560   _ldexpf
00008980   _lseek
00007bc0   _ltoa
00000d3c   _main
000061c0   _malloc
0000a1a0   _memccpy
00005500   _memcpy
00007d00   _memset
00009f40   _my_sqrtf
000063c0   _open
00006fc0   _putc
00008aa0   _read
00009920   _readmsg
0000a380   _remove
00000378   _rlms_func
00000040   _rlms_init
00000000   _rlms_sizeOfRequiredMemory
00005da0   _setvbuf
00009f20   _sqr
00006780   _sqrtf
000008fc   _testAlgo
00000820   _testBlock
00009e80   _unlink
00008bc0   _write
00009aa0   _writemsg
ffffffff   binit
0000da58   cinit
00000000   edata
00000000   end
0000a3a0   etext
ffffffff   pinit


GLOBAL SYMBOLS: SORTED BY Symbol Address 

address    name
--------   ----
00000000   $bss
00000000   .bss
00000000   .data
00000000   .text
00000000   ___bss__
00000000   ___data__
00000000   ___edata__
00000000   ___end__
00000000   ___text__
00000000   _rlms_sizeOfRequiredMemory
00000000   edata
00000000   end
00000040   _rlms_init
000001ec   _filter_output
00000230   _calc_norma
000002e8   _insert_right
00000378   _rlms_func
000004b0   __STACK_SIZE
000004b0   __SYSMEM_SIZE
00000820   _testBlock
000008fc   _testAlgo
00000d3c   _main
00000e20   _fwrite
000013c0   _CB_calc_pos
00001428   _convolution_CB_and_CB
00001530   _convolution_CB_and_vector
000016c4   _CB_size
000016e8   _CB_init
00001814   _CB_push_elem
0000187c   _CB_get_elem
000018cc   _CB_get_first_elem
000022c0   __printfi
000032e0   _fputs
00003680   _free
00003da0   _fread
00004440   __divull
00004760   __frcdivd
00005040   __divd
000052c0   __divul
00005500   _memcpy
00005740   _HOSTrename
00005da0   _setvbuf
000061c0   _malloc
000063c0   _open
00006780   _sqrtf
00006940   _SIGN
00006984   _MIN
000069b4   _MIN_size_t
000069e0   _convert_from_NUM_to_int16
00006a60   _convert_from_int16_to_NUM
00006ae0   __buff_read
00006c80   __divf
00006fc0   _fputc
00006fc0   _putc
00007400   _fclose
00007560   _ldexpf
000076c0   _HOSTopen
00007800   _atoi
00007940   _exit
00007a80   _fflush
00007bc0   _ltoa
00007d00   _memset
00007e40   _HOSTlseek
00007f60   _HOSTread
00008080   _HOSTwrite
000081a0   __auto_init
000082c0   __cleanup
00008500   __divli
00008620   __wrt_ok
00008740   _close
00008860   _fseek
00008980   _lseek
00008aa0   _read
00008bc0   _write
00008ce0   _HOSTunlink
00008ee0   __frcdivf
000091e0   _frexpf
000092e0   _HOSTclose
000094a0   __divu
00009560   __doflush
00009620   __fixdli
000096e0   __rd_ok
00009920   _readmsg
00009aa0   _writemsg
00009b4c   C$$IO$$
00009b60   __fltlid
00009c00   __mpyll
00009ca0   __remli
00009d40   _fopen
00009de0   _fprintf
00009e80   _unlink
00009f20   _sqr
00009f40   _my_sqrtf
00009fa0   __abort_msg
0000a020   __llshl
0000a0a0   __llshru
0000a120   _c_int00
0000a1a0   _memccpy
0000a220   __subcull
0000a280   __args_main
0000a2c0   __negll
0000a2e0   __nop
0000a340   C$$EXIT
0000a340   _abort
0000a360   _feof
0000a380   _remove
0000a3a0   ___etext__
0000a3a0   _filterStruct
0000a3a0   etext
0000cab0   __ftable
0000cba0   __tmpnams
0000cc40   __ft_end
0000ce64   __cleanup_ptr
0000ce68   __dtors_ptr
0000ce6c   __lock
0000ce70   __unlock
0000ce7c   _errno
0000ce88   __stack
0000d338   __sys_memory
0000d7e8   __ctypes_
0000da58   ___cinit__
0000da58   cinit
0000dbbc   __CIOBUF_
ffffffff   ___binit__
ffffffff   ___c_args__
ffffffff   ___pinit__
ffffffff   binit
ffffffff   pinit

[128 symbols]
