******************************************************************************
          TMS320C6x COFF Linker PC v6.0.8                      
******************************************************************************
>> Linked Mon Sep 12 14:52:12 2011

OUTPUT FILE NAME:   <./Debug/rnlms.out>
ENTRY POINT SYMBOL: "_c_int00"  address: 00009a20


SECTION ALLOCATION MAP

 output                                  attributes/
section   page    origin      length       input sections
--------  ----  ----------  ----------   ----------------
.bss       0    00000000    00000000     UNINITIALIZED

.data      0    00000000    00000000     UNINITIALIZED

.vectors   0    00000000    00000000     UNINITIALIZED

.text      0    00000000    00009ce0     
                  00000000    00000820     rnlms.obj (.text)
                  00000820    00000560     CircularBuffer.obj (.text)
                  00000d80    00000520     rts6700.lib : _printfi.obj (.text:__setfield)
                  000012a0    00000480                 : _printfi.obj (.text:__getarg_diouxp)
                  00001720    00000460                 : _printfi.obj (.text:__printfi)
                  00001b80    00000400     tester.obj (.text)
                  00001f80    00000400     rts6700.lib : _printfi.obj (.text:__fcpy)
                  00002380    000003e0                 : _printfi.obj (.text:_ecvt)
                  00002760    000003e0                 : _printfi.obj (.text:_fcvt)
                  00002b40    000003a0                 : fputs.obj (.text:_fputs)
                  00002ee0    000003a0                 : memory.obj (.text:_free)
                  00003280    00000380                 : _printfi.obj (.text:__pproc_fwp)
                  00003600    00000360                 : fread.obj (.text:_fread)
                  00003960    00000340                 : _printfi.obj (.text:__pconv_e)
                  00003ca0    00000320                 : imath64.obj (.text:__divull)
                  00003fc0    00000320                 : frcdivd.obj (.text:__frcdivd)
                  000042e0    000002e0                 : _printfi.obj (.text:__pproc_diouxp)
                  000045c0    000002e0                 : _printfi.obj (.text:__pproc_str)
                  000048a0    00000280                 : divd.obj (.text:__divd)
                  00004b20    00000240                 : imath40.obj (.text:__divul)
                  00004d60    00000240                 : memcpy62.obj (.text:_memcpy)
                  00004fa0    00000220                 : trgdrv.obj (.text:_HOSTrename)
                  000051c0    00000220                 : _printfi.obj (.text:__mcpy)
                  000053e0    00000220                 : fopen.obj (.text:__openfile)
                  00005600    00000220                 : setvbuf.obj (.text:_setvbuf)
                  00005820    00000200                 : _printfi.obj (.text:__pconv_g)
                  00005a20    00000200                 : memory.obj (.text:_malloc)
                  00005c20    00000200                 : lowlev.obj (.text:_open)
                  00005e20    000001c0                 : _printfi.obj (.text:__ltostr)
                  00005fe0    000001c0                 : sqrtf.obj (.text:_sqrtf)
                  000061a0    000001a0     utils.obj (.text)
                  00006340    000001a0     rts6700.lib : _bufread.obj (.text:__buff_read)
                  000064e0    000001a0                 : divf.obj (.text:__divf)
                  00006680    000001a0                 : lowlev.obj (.text:_getdevice)
                  00006820    00000180                 : fputc.obj (.text:_fputc)
                  000069a0    00000160                 : _printfi.obj (.text:__pproc_fflags)
                  00006b00    00000160                 : fopen.obj (.text:__search_fp)
                  00006c60    00000160                 : fclose.obj (.text:_fclose)
                  00006dc0    00000160                 : ldexpf.obj (.text:_ldexpf)
                  00006f20    00000140                 : trgdrv.obj (.text:_HOSTopen)
                  00007060    00000140                 : atoi.obj (.text:_atoi)
                  000071a0    00000140                 : exit.obj (.text:_exit)
                  000072e0    00000140                 : fflush.obj (.text:_fflush)
                  00007420    00000140                 : ltoa.obj (.text:_ltoa)
                  00007560    00000140                 : memset.obj (.text:_memset)
                  000076a0    00000120                 : trgdrv.obj (.text:_HOSTlseek)
                  000077c0    00000120                 : trgdrv.obj (.text:_HOSTread)
                  000078e0    00000120                 : trgdrv.obj (.text:_HOSTwrite)
                  00007a00    00000120                 : autoinit.obj (.text:__auto_init)
                  00007b20    00000120                 : fopen.obj (.text:__cleanup)
                  00007c40    00000120                 : _printfi.obj (.text:__div)
                  00007d60    00000120                 : imath40.obj (.text:__divli)
                  00007e80    00000120                 : _io_perm.obj (.text:__wrt_ok)
                  00007fa0    00000120                 : lowlev.obj (.text:_close)
                  000080c0    00000120                 : fseek.obj (.text:_fseek)
                  000081e0    00000120                 : lowlev.obj (.text:_lseek)
                  00008300    00000120                 : lowlev.obj (.text:_read)
                  00008420    00000120                 : lowlev.obj (.text:_write)
                  00008540    00000100                 : trgdrv.obj (.text:_HOSTunlink)
                  00008640    00000100                 : _printfi.obj (.text:__ecpy)
                  00008740    00000100                 : frcdivf.obj (.text:__frcdivf)
                  00008840    00000100                 : _printfi.obj (.text:__pconv_f)
                  00008940    00000100                 : _printfi.obj (.text:__pproc_fge)
                  00008a40    00000100                 : frexpf.obj (.text:_frexpf)
                  00008b40    000000e0                 : trgdrv.obj (.text:_HOSTclose)
                  00008c20    000000e0                 : memory.obj (.text:_minsert)
                  00008d00    000000c0                 : divu.obj (.text:__divu)
                  00008dc0    000000c0                 : fflush.obj (.text:__doflush)
                  00008e80    000000c0                 : fixdli.obj (.text:__fixdli)
                  00008f40    000000c0                 : _io_perm.obj (.text:__rd_ok)
                  00009000    000000c0                 : lowlev.obj (.text:_finddevice)
                  000090c0    000000c0                 : memory.obj (.text:_mremove)
                  00009180    000000c0                 : trgmsg.obj (.text:_readmsg)
                  00009240    000000c0                 : lowlev.obj (.text:_tabinit)
                  00009300    000000c0                 : trgmsg.obj (.text:_writemsg)
                  000093c0    000000a0                 : fltlid.obj (.text:__fltlid)
                  00009460    000000a0                 : mpyll.obj (.text:__mpyll)
                  00009500    000000a0                 : imath40.obj (.text:__remli)
                  000095a0    000000a0                 : fopen.obj (.text:_fopen)
                  00009640    000000a0                 : fprintf.obj (.text:_fprintf)
                  000096e0    000000a0                 : printf.obj (.text:_printf)
                  00009780    000000a0                 : lowlev.obj (.text:_unlink)
                  00009820    00000080     global.obj (.text)
                  000098a0    00000080     rts6700.lib : assert.obj (.text:__abort_msg)
                  00009920    00000080                 : llshift.obj (.text:__llshl)
                  000099a0    00000080                 : llshift.obj (.text:__llshru)
                  00009a20    00000080                 : boot.obj (.text:_c_int00)
                  00009aa0    00000080                 : memccpy.obj (.text:_memccpy)
                  00009b20    00000060                 : imath64.obj (.text:__subcull)
                  00009b80    00000040                 : args_main.obj (.text:__args_main)
                  00009bc0    00000020                 : negll.obj (.text:__negll)
                  00009be0    00000020                 : _lock.obj (.text:__nop)
                  00009c00    00000020                 : fprintf.obj (.text:__outc)
                  00009c20    00000020                 : printf.obj (.text:__outc)
                  00009c40    00000020                 : printf.obj (.text:__outs)
                  00009c60    00000020                 : fprintf.obj (.text:__outs)
                  00009c80    00000020                 : exit.obj (.text:_abort)
                  00009ca0    00000020                 : feof.obj (.text:_feof)
                  00009cc0    00000020                 : remove.obj (.text:_remove)

.sysmem    0    00009ce0    00001f40     UNINITIALIZED
                  00009ce0    00000008     rts6700.lib : memory.obj (.sysmem)

.stack     0    0000bc20    00000640     UNINITIALIZED
                  0000bc20    00000008     rts6700.lib : boot.obj (.stack)

.far       0    0000c260    000003d4     UNINITIALIZED
                  0000c260    00000194     rts6700.lib : defs.obj (.far)
                  0000c3f4    000000d0                 : trgdrv.obj (.far)
                  0000c4c4    000000cc                 : lowlev.obj (.far)
                  0000c590    0000008c                 : exit.obj (.far)
                  0000c61c    00000008                 : _lock.obj (.far)
                  0000c624    00000008                 : memory.obj (.far)
                  0000c62c    00000004                 : errno.obj (.far)
                  0000c630    00000004                 : fopen.obj (.far)

.const     0    0000c634    0000028f     
                  0000c634    00000101     rts6700.lib : ctype.obj (.const)
                  0000c735    00000003                 : assert.obj (.const)
                  0000c738    000000e6     tester.obj (.const)
                  0000c81e    00000002     rts6700.lib : fputs.obj (.const)
                  0000c820    0000004c     CircularBuffer.obj (.const)
                  0000c86c    00000034     global.obj (.const)
                  0000c8a0    00000023     rts6700.lib : _printfi.obj (.const)

.cinit     0    0000c8c8    00000164     
                  0000c8c8    0000005c     rts6700.lib : lowlev.obj (.cinit)
                  0000c924    00000004     --HOLE-- [fill = 0]
                  0000c928    0000005c                 : defs.obj (.cinit)
                  0000c984    00000004     --HOLE-- [fill = 0]
                  0000c988    0000002c                 : memory.obj (.cinit)
                  0000c9b4    00000004     --HOLE-- [fill = 0]
                  0000c9b8    0000002c                 : exit.obj (.cinit)
                  0000c9e4    00000004     --HOLE-- [fill = 0]
                  0000c9e8    0000001c                 : _lock.obj (.cinit)
                  0000ca04    00000004     --HOLE-- [fill = 0]
                  0000ca08    0000000c                 : errno.obj (.cinit)
                  0000ca14    00000004     --HOLE-- [fill = 0]
                  0000ca18    0000000c                 : fopen.obj (.cinit)
                  0000ca24    00000008     --HOLE-- [fill = 0]

.cio       0    0000ca2c    00000120     UNINITIALIZED
                  0000ca2c    00000120     rts6700.lib : trgmsg.obj (.cio)

.switch    0    0000cb4c    00000010     
                  0000cb4c    00000010     rts6700.lib : frcdivd.obj (.switch)


GLOBAL SYMBOLS: SORTED ALPHABETICALLY BY Name 

address    name
--------   ----
00000000   $bss
00000000   .bss
00000000   .data
00000000   .text
00009c80   C$$EXIT
000093ac   C$$IO$$
00000820   _CB_calc_pos
00000cdc   _CB_get_elem
00000d2c   _CB_get_first_elem
00000b48   _CB_init
00000c74   _CB_push_elem
00000b24   _CB_size
00008b40   _HOSTclose
000076a0   _HOSTlseek
00006f20   _HOSTopen
000077c0   _HOSTread
00004fa0   _HOSTrename
00008540   _HOSTunlink
000078e0   _HOSTwrite
000061e4   _MIN
00006214   _MIN_size_t
000061a0   _SIGN
0000ca2c   __CIOBUF_
00000640   __STACK_SIZE
00001f40   __SYSMEM_SIZE
ffffffff   ___binit__
00000000   ___bss__
ffffffff   ___c_args__
0000c8c8   ___cinit__
00000000   ___data__
00000000   ___edata__
00000000   ___end__
00009ce0   ___etext__
ffffffff   ___pinit__
00000000   ___text__
000098a0   __abort_msg
00009b80   __args_main
00007a00   __auto_init
00006340   __buff_read
00007b20   __cleanup
0000c614   __cleanup_ptr
0000c634   __ctypes_
000048a0   __divd
000064e0   __divf
00007d60   __divli
00008d00   __divu
00004b20   __divul
00003ca0   __divull
00008dc0   __doflush
0000c618   __dtors_ptr
00008e80   __fixdli
000093c0   __fltlid
00003fc0   __frcdivd
00008740   __frcdivf
0000c3f0   __ft_end
0000c260   __ftable
00009920   __llshl
000099a0   __llshru
0000c61c   __lock
00009460   __mpyll
00009bc0   __negll
00009be0   __nop
00001720   __printfi
00008f40   __rd_ok
00009500   __remli
0000bc20   __stack
00009b20   __subcull
00009ce0   __sys_memory
0000c350   __tmpnams
0000c620   __unlock
00007e80   __wrt_ok
00009c80   _abort
00007060   _atoi
00009a20   _c_int00
00000230   _calc_norma
00007fa0   _close
00006240   _convert_from_NUM_to_int16
000062c0   _convert_from_int16_to_NUM
00000888   _convolution_CB_and_CB
00000990   _convolution_CB_and_vector
0000c62c   _errno
000071a0   _exit
00006c60   _fclose
00009ca0   _feof
000072e0   _fflush
000001ec   _filter_output
000095a0   _fopen
00009640   _fprintf
00006820   _fputc
00002b40   _fputs
00003600   _fread
00002ee0   _free
00008a40   _frexpf
000080c0   _fseek
000002e8   _insert_right
00006dc0   _ldexpf
000081e0   _lseek
00007420   _ltoa
00001e68   _main
00005a20   _malloc
00009aa0   _memccpy
00004d60   _memcpy
00007560   _memset
00009840   _my_sqrtf
00005c20   _open
000096e0   _printf
00006820   _putc
00008300   _read
00009180   _readmsg
00009cc0   _remove
00000378   _rlms_func
00000040   _rlms_init
00000000   _rlms_sizeOfRequiredMemory
00005600   _setvbuf
00009820   _sqr
00005fe0   _sqrtf
00001c5c   _testAlgo
00001b80   _testBlock
00009780   _unlink
00008420   _write
00009300   _writemsg
ffffffff   binit
0000c8c8   cinit
00000000   edata
00000000   end
00009ce0   etext
ffffffff   pinit


GLOBAL SYMBOLS: SORTED BY Symbol Address 

address    name
--------   ----
00000000   $bss
00000000   .bss
00000000   .data
00000000   .text
00000000   ___bss__
00000000   ___data__
00000000   ___edata__
00000000   ___end__
00000000   ___text__
00000000   _rlms_sizeOfRequiredMemory
00000000   edata
00000000   end
00000040   _rlms_init
000001ec   _filter_output
00000230   _calc_norma
000002e8   _insert_right
00000378   _rlms_func
00000640   __STACK_SIZE
00000820   _CB_calc_pos
00000888   _convolution_CB_and_CB
00000990   _convolution_CB_and_vector
00000b24   _CB_size
00000b48   _CB_init
00000c74   _CB_push_elem
00000cdc   _CB_get_elem
00000d2c   _CB_get_first_elem
00001720   __printfi
00001b80   _testBlock
00001c5c   _testAlgo
00001e68   _main
00001f40   __SYSMEM_SIZE
00002b40   _fputs
00002ee0   _free
00003600   _fread
00003ca0   __divull
00003fc0   __frcdivd
000048a0   __divd
00004b20   __divul
00004d60   _memcpy
00004fa0   _HOSTrename
00005600   _setvbuf
00005a20   _malloc
00005c20   _open
00005fe0   _sqrtf
000061a0   _SIGN
000061e4   _MIN
00006214   _MIN_size_t
00006240   _convert_from_NUM_to_int16
000062c0   _convert_from_int16_to_NUM
00006340   __buff_read
000064e0   __divf
00006820   _fputc
00006820   _putc
00006c60   _fclose
00006dc0   _ldexpf
00006f20   _HOSTopen
00007060   _atoi
000071a0   _exit
000072e0   _fflush
00007420   _ltoa
00007560   _memset
000076a0   _HOSTlseek
000077c0   _HOSTread
000078e0   _HOSTwrite
00007a00   __auto_init
00007b20   __cleanup
00007d60   __divli
00007e80   __wrt_ok
00007fa0   _close
000080c0   _fseek
000081e0   _lseek
00008300   _read
00008420   _write
00008540   _HOSTunlink
00008740   __frcdivf
00008a40   _frexpf
00008b40   _HOSTclose
00008d00   __divu
00008dc0   __doflush
00008e80   __fixdli
00008f40   __rd_ok
00009180   _readmsg
00009300   _writemsg
000093ac   C$$IO$$
000093c0   __fltlid
00009460   __mpyll
00009500   __remli
000095a0   _fopen
00009640   _fprintf
000096e0   _printf
00009780   _unlink
00009820   _sqr
00009840   _my_sqrtf
000098a0   __abort_msg
00009920   __llshl
000099a0   __llshru
00009a20   _c_int00
00009aa0   _memccpy
00009b20   __subcull
00009b80   __args_main
00009bc0   __negll
00009be0   __nop
00009c80   C$$EXIT
00009c80   _abort
00009ca0   _feof
00009cc0   _remove
00009ce0   ___etext__
00009ce0   __sys_memory
00009ce0   etext
0000bc20   __stack
0000c260   __ftable
0000c350   __tmpnams
0000c3f0   __ft_end
0000c614   __cleanup_ptr
0000c618   __dtors_ptr
0000c61c   __lock
0000c620   __unlock
0000c62c   _errno
0000c634   __ctypes_
0000c8c8   ___cinit__
0000c8c8   cinit
0000ca2c   __CIOBUF_
ffffffff   ___binit__
ffffffff   ___c_args__
ffffffff   ___pinit__
ffffffff   binit
ffffffff   pinit

[127 symbols]
