******************************************************************************
          TMS320C6x COFF Linker PC v6.0.8                      
******************************************************************************
>> Linked Mon Sep 12 14:15:06 2011

OUTPUT FILE NAME:   <./Debug/rnlms.out>
ENTRY POINT SYMBOL: "_c_int00"  address: 00009ee0


SECTION ALLOCATION MAP

 output                                  attributes/
section   page    origin      length       input sections
--------  ----  ----------  ----------   ----------------
.bss       0    00000000    00000000     UNINITIALIZED

.data      0    00000000    00000000     UNINITIALIZED

.vectors   0    00000000    00000000     UNINITIALIZED

.text      0    00000000    0000a1c0     
                  00000000    00000820     rnlms.obj (.text)
                  00000820    00000780     tester.obj (.text)
                  00000fa0    00000560     CircularBuffer.obj (.text)
                  00001500    00000520     rts6700.lib : _printfi.obj (.text:__setfield)
                  00001a20    00000480                 : _printfi.obj (.text:__getarg_diouxp)
                  00001ea0    00000460                 : _printfi.obj (.text:__printfi)
                  00002300    00000400                 : _printfi.obj (.text:__fcpy)
                  00002700    000003e0                 : _printfi.obj (.text:_ecvt)
                  00002ae0    000003e0                 : _printfi.obj (.text:_fcvt)
                  00002ec0    000003a0                 : fputs.obj (.text:_fputs)
                  00003260    000003a0                 : memory.obj (.text:_free)
                  00003600    00000380                 : _printfi.obj (.text:__pproc_fwp)
                  00003980    00000360                 : fread.obj (.text:_fread)
                  00003ce0    00000340                 : _printfi.obj (.text:__pconv_e)
                  00004020    00000320                 : imath64.obj (.text:__divull)
                  00004340    00000320                 : frcdivd.obj (.text:__frcdivd)
                  00004660    000002e0                 : _printfi.obj (.text:__pproc_diouxp)
                  00004940    000002e0                 : _printfi.obj (.text:__pproc_str)
                  00004c20    00000280                 : divd.obj (.text:__divd)
                  00004ea0    00000240                 : imath40.obj (.text:__divul)
                  000050e0    00000240                 : memcpy62.obj (.text:_memcpy)
                  00005320    00000220                 : trgdrv.obj (.text:_HOSTrename)
                  00005540    00000220                 : _printfi.obj (.text:__mcpy)
                  00005760    00000220                 : fopen.obj (.text:__openfile)
                  00005980    00000220                 : setvbuf.obj (.text:_setvbuf)
                  00005ba0    00000200                 : _printfi.obj (.text:__pconv_g)
                  00005da0    00000200                 : memory.obj (.text:_malloc)
                  00005fa0    00000200                 : lowlev.obj (.text:_open)
                  000061a0    000001c0                 : _printfi.obj (.text:__ltostr)
                  00006360    000001c0                 : sqrtf.obj (.text:_sqrtf)
                  00006520    000001a0     utils.obj (.text)
                  000066c0    000001a0     rts6700.lib : _bufread.obj (.text:__buff_read)
                  00006860    000001a0                 : divf.obj (.text:__divf)
                  00006a00    000001a0                 : lowlev.obj (.text:_getdevice)
                  00006ba0    00000180                 : fputc.obj (.text:_fputc)
                  00006d20    00000160                 : _printfi.obj (.text:__pproc_fflags)
                  00006e80    00000160                 : fopen.obj (.text:__search_fp)
                  00006fe0    00000160                 : fclose.obj (.text:_fclose)
                  00007140    00000160                 : ldexpf.obj (.text:_ldexpf)
                  000072a0    00000140                 : trgdrv.obj (.text:_HOSTopen)
                  000073e0    00000140                 : strasg.obj (.text:__strasgi)
                  00007520    00000140                 : atoi.obj (.text:_atoi)
                  00007660    00000140                 : exit.obj (.text:_exit)
                  000077a0    00000140                 : fflush.obj (.text:_fflush)
                  000078e0    00000140                 : ltoa.obj (.text:_ltoa)
                  00007a20    00000140                 : memset.obj (.text:_memset)
                  00007b60    00000120                 : trgdrv.obj (.text:_HOSTlseek)
                  00007c80    00000120                 : trgdrv.obj (.text:_HOSTread)
                  00007da0    00000120                 : trgdrv.obj (.text:_HOSTwrite)
                  00007ec0    00000120                 : autoinit.obj (.text:__auto_init)
                  00007fe0    00000120                 : fopen.obj (.text:__cleanup)
                  00008100    00000120                 : _printfi.obj (.text:__div)
                  00008220    00000120                 : imath40.obj (.text:__divli)
                  00008340    00000120                 : _io_perm.obj (.text:__wrt_ok)
                  00008460    00000120                 : lowlev.obj (.text:_close)
                  00008580    00000120                 : fseek.obj (.text:_fseek)
                  000086a0    00000120                 : lowlev.obj (.text:_lseek)
                  000087c0    00000120                 : lowlev.obj (.text:_read)
                  000088e0    00000120                 : lowlev.obj (.text:_write)
                  00008a00    00000100                 : trgdrv.obj (.text:_HOSTunlink)
                  00008b00    00000100                 : _printfi.obj (.text:__ecpy)
                  00008c00    00000100                 : frcdivf.obj (.text:__frcdivf)
                  00008d00    00000100                 : _printfi.obj (.text:__pconv_f)
                  00008e00    00000100                 : _printfi.obj (.text:__pproc_fge)
                  00008f00    00000100                 : frexpf.obj (.text:_frexpf)
                  00009000    000000e0                 : trgdrv.obj (.text:_HOSTclose)
                  000090e0    000000e0                 : memory.obj (.text:_minsert)
                  000091c0    000000c0                 : divu.obj (.text:__divu)
                  00009280    000000c0                 : fflush.obj (.text:__doflush)
                  00009340    000000c0                 : fixdli.obj (.text:__fixdli)
                  00009400    000000c0                 : _io_perm.obj (.text:__rd_ok)
                  000094c0    000000c0                 : lowlev.obj (.text:_finddevice)
                  00009580    000000c0                 : memory.obj (.text:_mremove)
                  00009640    000000c0                 : trgmsg.obj (.text:_readmsg)
                  00009700    000000c0                 : lowlev.obj (.text:_tabinit)
                  000097c0    000000c0                 : trgmsg.obj (.text:_writemsg)
                  00009880    000000a0                 : fltlid.obj (.text:__fltlid)
                  00009920    000000a0                 : mpyll.obj (.text:__mpyll)
                  000099c0    000000a0                 : imath40.obj (.text:__remli)
                  00009a60    000000a0                 : fopen.obj (.text:_fopen)
                  00009b00    000000a0                 : fprintf.obj (.text:_fprintf)
                  00009ba0    000000a0                 : printf.obj (.text:_printf)
                  00009c40    000000a0                 : lowlev.obj (.text:_unlink)
                  00009ce0    00000080     global.obj (.text)
                  00009d60    00000080     rts6700.lib : assert.obj (.text:__abort_msg)
                  00009de0    00000080                 : llshift.obj (.text:__llshl)
                  00009e60    00000080                 : llshift.obj (.text:__llshru)
                  00009ee0    00000080                 : boot.obj (.text:_c_int00)
                  00009f60    00000080                 : memccpy.obj (.text:_memccpy)
                  00009fe0    00000060                 : imath64.obj (.text:__subcull)
                  0000a040    00000040                 : args_main.obj (.text:__args_main)
                  0000a080    00000020                 : negll.obj (.text:__negll)
                  0000a0a0    00000020                 : _lock.obj (.text:__nop)
                  0000a0c0    00000020                 : fprintf.obj (.text:__outc)
                  0000a0e0    00000020                 : printf.obj (.text:__outc)
                  0000a100    00000020                 : printf.obj (.text:__outs)
                  0000a120    00000020                 : fprintf.obj (.text:__outs)
                  0000a140    00000020                 : exit.obj (.text:_abort)
                  0000a160    00000020                 : feof.obj (.text:_feof)
                  0000a180    00000020                 : ferror.obj (.text:_ferror)
                  0000a1a0    00000020                 : remove.obj (.text:_remove)

.sysmem    0    0000a1c0    000007d0     UNINITIALIZED
                  0000a1c0    00000008     rts6700.lib : memory.obj (.sysmem)

.stack     0    0000a990    00000640     UNINITIALIZED
                  0000a990    00000008     rts6700.lib : boot.obj (.stack)

.far       0    0000afd0    000003d4     UNINITIALIZED
                  0000afd0    00000194     rts6700.lib : defs.obj (.far)
                  0000b164    000000d0                 : trgdrv.obj (.far)
                  0000b234    000000cc                 : lowlev.obj (.far)
                  0000b300    0000008c                 : exit.obj (.far)
                  0000b38c    00000008                 : _lock.obj (.far)
                  0000b394    00000008                 : memory.obj (.far)
                  0000b39c    00000004                 : errno.obj (.far)
                  0000b3a0    00000004                 : fopen.obj (.far)

.const     0    0000b3a4    0000032d     
                  0000b3a4    00000184     tester.obj (.const)
                  0000b528    00000101     rts6700.lib : ctype.obj (.const)
                  0000b629    00000003                 : assert.obj (.const)
                  0000b62c    0000004c     CircularBuffer.obj (.const)
                  0000b678    00000034     global.obj (.const)
                  0000b6ac    00000023     rts6700.lib : _printfi.obj (.const)
                  0000b6cf    00000002                 : fputs.obj (.const)

.cinit     0    0000b6d8    00000164     
                  0000b6d8    0000005c     rts6700.lib : lowlev.obj (.cinit)
                  0000b734    00000004     --HOLE-- [fill = 0]
                  0000b738    0000005c                 : defs.obj (.cinit)
                  0000b794    00000004     --HOLE-- [fill = 0]
                  0000b798    0000002c                 : memory.obj (.cinit)
                  0000b7c4    00000004     --HOLE-- [fill = 0]
                  0000b7c8    0000002c                 : exit.obj (.cinit)
                  0000b7f4    00000004     --HOLE-- [fill = 0]
                  0000b7f8    0000001c                 : _lock.obj (.cinit)
                  0000b814    00000004     --HOLE-- [fill = 0]
                  0000b818    0000000c                 : errno.obj (.cinit)
                  0000b824    00000004     --HOLE-- [fill = 0]
                  0000b828    0000000c                 : fopen.obj (.cinit)
                  0000b834    00000008     --HOLE-- [fill = 0]

.cio       0    0000b83c    00000120     UNINITIALIZED
                  0000b83c    00000120     rts6700.lib : trgmsg.obj (.cio)

.switch    0    0000b95c    00000010     
                  0000b95c    00000010     rts6700.lib : frcdivd.obj (.switch)


GLOBAL SYMBOLS: SORTED ALPHABETICALLY BY Name 

address    name
--------   ----
00000000   $bss
00000000   .bss
00000000   .data
00000000   .text
0000a140   C$$EXIT
0000986c   C$$IO$$
00000fa0   _CB_calc_pos
0000145c   _CB_get_elem
000014ac   _CB_get_first_elem
000012c8   _CB_init
000013f4   _CB_push_elem
000012a4   _CB_size
00009000   _HOSTclose
00007b60   _HOSTlseek
000072a0   _HOSTopen
00007c80   _HOSTread
00005320   _HOSTrename
00008a00   _HOSTunlink
00007da0   _HOSTwrite
00006564   _MIN
00006594   _MIN_size_t
00006520   _SIGN
0000b83c   __CIOBUF_
00000640   __STACK_SIZE
000007d0   __SYSMEM_SIZE
ffffffff   ___binit__
00000000   ___bss__
ffffffff   ___c_args__
0000b6d8   ___cinit__
00000000   ___data__
00000000   ___edata__
00000000   ___end__
0000a1c0   ___etext__
ffffffff   ___pinit__
00000000   ___text__
00009d60   __abort_msg
0000a040   __args_main
00007ec0   __auto_init
000066c0   __buff_read
00007fe0   __cleanup
0000b384   __cleanup_ptr
0000b528   __ctypes_
00004c20   __divd
00006860   __divf
00008220   __divli
000091c0   __divu
00004ea0   __divul
00004020   __divull
00009280   __doflush
0000b388   __dtors_ptr
00009340   __fixdli
00009880   __fltlid
00004340   __frcdivd
00008c00   __frcdivf
0000b160   __ft_end
0000afd0   __ftable
00009de0   __llshl
00009e60   __llshru
0000b38c   __lock
00009920   __mpyll
0000a080   __negll
0000a0a0   __nop
00001ea0   __printfi
00009400   __rd_ok
000099c0   __remli
0000a990   __stack
000073e0   __strasgi
00009fe0   __subcull
0000a1c0   __sys_memory
0000b0c0   __tmpnams
0000b390   __unlock
00008340   __wrt_ok
0000a140   _abort
00007520   _atoi
00009ee0   _c_int00
00000230   _calc_norma
00008460   _close
000065c0   _convert_from_NUM_to_int16
00006640   _convert_from_int16_to_NUM
00001008   _convolution_CB_and_CB
00001110   _convolution_CB_and_vector
0000b39c   _errno
00007660   _exit
00006fe0   _fclose
0000a160   _feof
0000a180   _ferror
000077a0   _fflush
000001ec   _filter_output
00009a60   _fopen
00009b00   _fprintf
00006ba0   _fputc
00002ec0   _fputs
00003980   _fread
00003260   _free
00008f00   _frexpf
00008580   _fseek
000002e8   _insert_right
00007140   _ldexpf
000086a0   _lseek
000078e0   _ltoa
00000e94   _main
00005da0   _malloc
00009f60   _memccpy
000050e0   _memcpy
00007a20   _memset
00009d00   _my_sqrtf
00005fa0   _open
00009ba0   _printf
00006ba0   _putc
000087c0   _read
00009640   _readmsg
0000a1a0   _remove
00000378   _rlms_func
00000040   _rlms_init
00000000   _rlms_sizeOfRequiredMemory
00005980   _setvbuf
00009ce0   _sqr
00006360   _sqrtf
000008fc   _testAlgo
00000820   _testBlock
00009c40   _unlink
000088e0   _write
000097c0   _writemsg
ffffffff   binit
0000b6d8   cinit
00000000   edata
00000000   end
0000a1c0   etext
ffffffff   pinit


GLOBAL SYMBOLS: SORTED BY Symbol Address 

address    name
--------   ----
00000000   $bss
00000000   .bss
00000000   .data
00000000   .text
00000000   ___bss__
00000000   ___data__
00000000   ___edata__
00000000   ___end__
00000000   ___text__
00000000   _rlms_sizeOfRequiredMemory
00000000   edata
00000000   end
00000040   _rlms_init
000001ec   _filter_output
00000230   _calc_norma
000002e8   _insert_right
00000378   _rlms_func
00000640   __STACK_SIZE
000007d0   __SYSMEM_SIZE
00000820   _testBlock
000008fc   _testAlgo
00000e94   _main
00000fa0   _CB_calc_pos
00001008   _convolution_CB_and_CB
00001110   _convolution_CB_and_vector
000012a4   _CB_size
000012c8   _CB_init
000013f4   _CB_push_elem
0000145c   _CB_get_elem
000014ac   _CB_get_first_elem
00001ea0   __printfi
00002ec0   _fputs
00003260   _free
00003980   _fread
00004020   __divull
00004340   __frcdivd
00004c20   __divd
00004ea0   __divul
000050e0   _memcpy
00005320   _HOSTrename
00005980   _setvbuf
00005da0   _malloc
00005fa0   _open
00006360   _sqrtf
00006520   _SIGN
00006564   _MIN
00006594   _MIN_size_t
000065c0   _convert_from_NUM_to_int16
00006640   _convert_from_int16_to_NUM
000066c0   __buff_read
00006860   __divf
00006ba0   _fputc
00006ba0   _putc
00006fe0   _fclose
00007140   _ldexpf
000072a0   _HOSTopen
000073e0   __strasgi
00007520   _atoi
00007660   _exit
000077a0   _fflush
000078e0   _ltoa
00007a20   _memset
00007b60   _HOSTlseek
00007c80   _HOSTread
00007da0   _HOSTwrite
00007ec0   __auto_init
00007fe0   __cleanup
00008220   __divli
00008340   __wrt_ok
00008460   _close
00008580   _fseek
000086a0   _lseek
000087c0   _read
000088e0   _write
00008a00   _HOSTunlink
00008c00   __frcdivf
00008f00   _frexpf
00009000   _HOSTclose
000091c0   __divu
00009280   __doflush
00009340   __fixdli
00009400   __rd_ok
00009640   _readmsg
000097c0   _writemsg
0000986c   C$$IO$$
00009880   __fltlid
00009920   __mpyll
000099c0   __remli
00009a60   _fopen
00009b00   _fprintf
00009ba0   _printf
00009c40   _unlink
00009ce0   _sqr
00009d00   _my_sqrtf
00009d60   __abort_msg
00009de0   __llshl
00009e60   __llshru
00009ee0   _c_int00
00009f60   _memccpy
00009fe0   __subcull
0000a040   __args_main
0000a080   __negll
0000a0a0   __nop
0000a140   C$$EXIT
0000a140   _abort
0000a160   _feof
0000a180   _ferror
0000a1a0   _remove
0000a1c0   ___etext__
0000a1c0   __sys_memory
0000a1c0   etext
0000a990   __stack
0000afd0   __ftable
0000b0c0   __tmpnams
0000b160   __ft_end
0000b384   __cleanup_ptr
0000b388   __dtors_ptr
0000b38c   __lock
0000b390   __unlock
0000b39c   _errno
0000b528   __ctypes_
0000b6d8   ___cinit__
0000b6d8   cinit
0000b83c   __CIOBUF_
ffffffff   ___binit__
ffffffff   ___c_args__
ffffffff   ___pinit__
ffffffff   binit
ffffffff   pinit

[129 symbols]
