******************************************************************************
          TMS320C6x COFF Linker PC v6.0.8                      
******************************************************************************
>> Linked Wed Sep 07 21:26:37 2011

OUTPUT FILE NAME:   <./Debug/rnlms.out>
ENTRY POINT SYMBOL: "_c_int00"  address: 00007f80


SECTION ALLOCATION MAP

 output                                  attributes/
section   page    origin      length       input sections
--------  ----  ----------  ----------   ----------------
.bss       0    00000000    00000000     UNINITIALIZED

.data      0    00000000    00000000     UNINITIALIZED

.vectors   0    00000000    00000000     UNINITIALIZED

.text      0    00000000    00008240     
                  00000000    00000520     rts6700.lib : _printfi.obj (.text:__setfield)
                  00000520    00000480                 : _printfi.obj (.text:__getarg_diouxp)
                  000009a0    00000460                 : _printfi.obj (.text:__printfi)
                  00000e00    00000400                 : _printfi.obj (.text:__fcpy)
                  00001200    000003e0                 : _printfi.obj (.text:_ecvt)
                  000015e0    000003e0                 : _printfi.obj (.text:_fcvt)
                  000019c0    000003a0                 : fputs.obj (.text:_fputs)
                  00001d60    000003a0                 : memory.obj (.text:_free)
                  00002100    00000380                 : _printfi.obj (.text:__pproc_fwp)
                  00002480    00000360                 : fread.obj (.text:_fread)
                  000027e0    00000340                 : _printfi.obj (.text:__pconv_e)
                  00002b20    00000320                 : imath64.obj (.text:__divull)
                  00002e40    00000320                 : frcdivd.obj (.text:__frcdivd)
                  00003160    000002e0                 : _printfi.obj (.text:__pproc_diouxp)
                  00003440    000002e0                 : _printfi.obj (.text:__pproc_str)
                  00003720    00000280                 : divd.obj (.text:__divd)
                  000039a0    00000240                 : imath40.obj (.text:__divul)
                  00003be0    00000240                 : memcpy62.obj (.text:_memcpy)
                  00003e20    00000220                 : trgdrv.obj (.text:_HOSTrename)
                  00004040    00000220                 : _printfi.obj (.text:__mcpy)
                  00004260    00000220                 : fopen.obj (.text:__openfile)
                  00004480    00000220                 : setvbuf.obj (.text:_setvbuf)
                  000046a0    00000200                 : _printfi.obj (.text:__pconv_g)
                  000048a0    00000200                 : memory.obj (.text:_malloc)
                  00004aa0    00000200                 : lowlev.obj (.text:_open)
                  00004ca0    000001c0                 : _printfi.obj (.text:__ltostr)
                  00004e60    000001a0                 : _bufread.obj (.text:__buff_read)
                  00005000    000001a0                 : lowlev.obj (.text:_getdevice)
                  000051a0    00000180     tester.obj (.text)
                  00005320    00000180     rts6700.lib : fputc.obj (.text:_fputc)
                  000054a0    00000160                 : _printfi.obj (.text:__pproc_fflags)
                  00005600    00000160                 : fopen.obj (.text:__search_fp)
                  00005760    00000160                 : fclose.obj (.text:_fclose)
                  000058c0    00000140                 : trgdrv.obj (.text:_HOSTopen)
                  00005a00    00000140                 : atoi.obj (.text:_atoi)
                  00005b40    00000140                 : exit.obj (.text:_exit)
                  00005c80    00000140                 : ltoa.obj (.text:_ltoa)
                  00005dc0    00000140                 : memset.obj (.text:_memset)
                  00005f00    00000120                 : trgdrv.obj (.text:_HOSTlseek)
                  00006020    00000120                 : trgdrv.obj (.text:_HOSTread)
                  00006140    00000120                 : trgdrv.obj (.text:_HOSTwrite)
                  00006260    00000120                 : autoinit.obj (.text:__auto_init)
                  00006380    00000120                 : fopen.obj (.text:__cleanup)
                  000064a0    00000120                 : _printfi.obj (.text:__div)
                  000065c0    00000120                 : imath40.obj (.text:__divli)
                  000066e0    00000120                 : _io_perm.obj (.text:__wrt_ok)
                  00006800    00000120                 : lowlev.obj (.text:_close)
                  00006920    00000120                 : fseek.obj (.text:_fseek)
                  00006a40    00000120                 : lowlev.obj (.text:_lseek)
                  00006b60    00000120                 : lowlev.obj (.text:_read)
                  00006c80    00000120                 : lowlev.obj (.text:_write)
                  00006da0    00000100                 : trgdrv.obj (.text:_HOSTunlink)
                  00006ea0    00000100                 : _printfi.obj (.text:__ecpy)
                  00006fa0    00000100                 : _printfi.obj (.text:__pconv_f)
                  000070a0    00000100                 : _printfi.obj (.text:__pproc_fge)
                  000071a0    000000e0                 : trgdrv.obj (.text:_HOSTclose)
                  00007280    000000e0                 : memory.obj (.text:_minsert)
                  00007360    000000c0                 : divu.obj (.text:__divu)
                  00007420    000000c0                 : fflush.obj (.text:__doflush)
                  000074e0    000000c0                 : fixdli.obj (.text:__fixdli)
                  000075a0    000000c0                 : _io_perm.obj (.text:__rd_ok)
                  00007660    000000c0                 : lowlev.obj (.text:_finddevice)
                  00007720    000000c0                 : memory.obj (.text:_mremove)
                  000077e0    000000c0                 : trgmsg.obj (.text:_readmsg)
                  000078a0    000000c0                 : lowlev.obj (.text:_tabinit)
                  00007960    000000c0                 : trgmsg.obj (.text:_writemsg)
                  00007a20    000000a0                 : fltlid.obj (.text:__fltlid)
                  00007ac0    000000a0                 : mpyll.obj (.text:__mpyll)
                  00007b60    000000a0                 : imath40.obj (.text:__remli)
                  00007c00    000000a0                 : fopen.obj (.text:_fopen)
                  00007ca0    000000a0                 : fprintf.obj (.text:_fprintf)
                  00007d40    000000a0                 : printf.obj (.text:_printf)
                  00007de0    000000a0                 : lowlev.obj (.text:_unlink)
                  00007e80    00000080                 : llshift.obj (.text:__llshl)
                  00007f00    00000080                 : llshift.obj (.text:__llshru)
                  00007f80    00000080                 : boot.obj (.text:_c_int00)
                  00008000    00000080                 : memccpy.obj (.text:_memccpy)
                  00008080    00000060                 : imath64.obj (.text:__subcull)
                  000080e0    00000040                 : args_main.obj (.text:__args_main)
                  00008120    00000020                 : negll.obj (.text:__negll)
                  00008140    00000020                 : _lock.obj (.text:__nop)
                  00008160    00000020                 : fprintf.obj (.text:__outc)
                  00008180    00000020                 : printf.obj (.text:__outc)
                  000081a0    00000020                 : fprintf.obj (.text:__outs)
                  000081c0    00000020                 : printf.obj (.text:__outs)
                  000081e0    00000020                 : exit.obj (.text:_abort)
                  00008200    00000020                 : feof.obj (.text:_feof)
                  00008220    00000020                 : remove.obj (.text:_remove)

.sysmem    0    00008240    000007d0     UNINITIALIZED
                  00008240    00000008     rts6700.lib : memory.obj (.sysmem)

.stack     0    00008a10    00000640     UNINITIALIZED
                  00008a10    00000008     rts6700.lib : boot.obj (.stack)

.far       0    00009050    000003d0     UNINITIALIZED
                  00009050    00000194     rts6700.lib : defs.obj (.far)
                  000091e4    000000d0                 : trgdrv.obj (.far)
                  000092b4    000000cc                 : lowlev.obj (.far)
                  00009380    0000008c                 : exit.obj (.far)
                  0000940c    00000008                 : _lock.obj (.far)
                  00009414    00000008                 : memory.obj (.far)
                  0000941c    00000004                 : fopen.obj (.far)

.const     0    00009420    0000017c     
                  00009420    00000101     rts6700.lib : ctype.obj (.const)
                  00009521    00000002                 : fputs.obj (.const)
                  00009523    00000001     --HOLE-- [fill = 0]
                  00009524    00000055     tester.obj (.const)
                  00009579    00000023     rts6700.lib : _printfi.obj (.const)

.cinit     0    000095a0    00000154     
                  000095a0    0000005c     rts6700.lib : lowlev.obj (.cinit)
                  000095fc    00000004     --HOLE-- [fill = 0]
                  00009600    0000005c                 : defs.obj (.cinit)
                  0000965c    00000004     --HOLE-- [fill = 0]
                  00009660    0000002c                 : memory.obj (.cinit)
                  0000968c    00000004     --HOLE-- [fill = 0]
                  00009690    0000002c                 : exit.obj (.cinit)
                  000096bc    00000004     --HOLE-- [fill = 0]
                  000096c0    0000001c                 : _lock.obj (.cinit)
                  000096dc    00000004     --HOLE-- [fill = 0]
                  000096e0    0000000c                 : fopen.obj (.cinit)
                  000096ec    00000008     --HOLE-- [fill = 0]

.cio       0    000096f4    00000120     UNINITIALIZED
                  000096f4    00000120     rts6700.lib : trgmsg.obj (.cio)

.switch    0    00009814    00000010     
                  00009814    00000010     rts6700.lib : frcdivd.obj (.switch)


GLOBAL SYMBOLS: SORTED ALPHABETICALLY BY Name 

address    name
--------   ----
00000000   $bss
00000000   .bss
00000000   .data
00000000   .text
000081e0   C$$EXIT
00007a0c   C$$IO$$
000071a0   _HOSTclose
00005f00   _HOSTlseek
000058c0   _HOSTopen
00006020   _HOSTread
00003e20   _HOSTrename
00006da0   _HOSTunlink
00006140   _HOSTwrite
000096f4   __CIOBUF_
00000640   __STACK_SIZE
000007d0   __SYSMEM_SIZE
ffffffff   ___binit__
00000000   ___bss__
ffffffff   ___c_args__
000095a0   ___cinit__
00000000   ___data__
00000000   ___edata__
00000000   ___end__
00008240   ___etext__
ffffffff   ___pinit__
00000000   ___text__
000080e0   __args_main
00006260   __auto_init
00004e60   __buff_read
00006380   __cleanup
00009404   __cleanup_ptr
00009420   __ctypes_
00003720   __divd
000065c0   __divli
00007360   __divu
000039a0   __divul
00002b20   __divull
00007420   __doflush
00009408   __dtors_ptr
000074e0   __fixdli
00007a20   __fltlid
00002e40   __frcdivd
000091e0   __ft_end
00009050   __ftable
00007e80   __llshl
00007f00   __llshru
0000940c   __lock
00007ac0   __mpyll
00008120   __negll
00008140   __nop
000009a0   __printfi
000075a0   __rd_ok
00007b60   __remli
00008a10   __stack
00008080   __subcull
00008240   __sys_memory
00009140   __tmpnams
00009410   __unlock
000066e0   __wrt_ok
000081e0   _abort
00005a00   _atoi
00007f80   _c_int00
00006800   _close
00005b40   _exit
00005760   _fclose
00008200   _feof
00007c00   _fopen
00007ca0   _fprintf
00005320   _fputc
000019c0   _fputs
00002480   _fread
00001d60   _free
00006920   _fseek
00006a40   _lseek
00005c80   _ltoa
000052c4   _main
000048a0   _malloc
00008000   _memccpy
00003be0   _memcpy
00005dc0   _memset
00004aa0   _open
00007d40   _printf
00005320   _putc
00006b60   _read
000077e0   _readmsg
00008220   _remove
00004480   _setvbuf
000051a0   _testAlgo
00007de0   _unlink
00006c80   _write
00007960   _writemsg
ffffffff   binit
000095a0   cinit
00000000   edata
00000000   end
00008240   etext
ffffffff   pinit


GLOBAL SYMBOLS: SORTED BY Symbol Address 

address    name
--------   ----
00000000   $bss
00000000   .bss
00000000   .data
00000000   .text
00000000   ___bss__
00000000   ___data__
00000000   ___edata__
00000000   ___end__
00000000   ___text__
00000000   edata
00000000   end
00000640   __STACK_SIZE
000007d0   __SYSMEM_SIZE
000009a0   __printfi
000019c0   _fputs
00001d60   _free
00002480   _fread
00002b20   __divull
00002e40   __frcdivd
00003720   __divd
000039a0   __divul
00003be0   _memcpy
00003e20   _HOSTrename
00004480   _setvbuf
000048a0   _malloc
00004aa0   _open
00004e60   __buff_read
000051a0   _testAlgo
000052c4   _main
00005320   _fputc
00005320   _putc
00005760   _fclose
000058c0   _HOSTopen
00005a00   _atoi
00005b40   _exit
00005c80   _ltoa
00005dc0   _memset
00005f00   _HOSTlseek
00006020   _HOSTread
00006140   _HOSTwrite
00006260   __auto_init
00006380   __cleanup
000065c0   __divli
000066e0   __wrt_ok
00006800   _close
00006920   _fseek
00006a40   _lseek
00006b60   _read
00006c80   _write
00006da0   _HOSTunlink
000071a0   _HOSTclose
00007360   __divu
00007420   __doflush
000074e0   __fixdli
000075a0   __rd_ok
000077e0   _readmsg
00007960   _writemsg
00007a0c   C$$IO$$
00007a20   __fltlid
00007ac0   __mpyll
00007b60   __remli
00007c00   _fopen
00007ca0   _fprintf
00007d40   _printf
00007de0   _unlink
00007e80   __llshl
00007f00   __llshru
00007f80   _c_int00
00008000   _memccpy
00008080   __subcull
000080e0   __args_main
00008120   __negll
00008140   __nop
000081e0   C$$EXIT
000081e0   _abort
00008200   _feof
00008220   _remove
00008240   ___etext__
00008240   __sys_memory
00008240   etext
00008a10   __stack
00009050   __ftable
00009140   __tmpnams
000091e0   __ft_end
00009404   __cleanup_ptr
00009408   __dtors_ptr
0000940c   __lock
00009410   __unlock
00009420   __ctypes_
000095a0   ___cinit__
000095a0   cinit
000096f4   __CIOBUF_
ffffffff   ___binit__
ffffffff   ___c_args__
ffffffff   ___pinit__
ffffffff   binit
ffffffff   pinit

[97 symbols]
