******************************************************************************
          TMS320C6x COFF Linker PC v6.0.8                      
******************************************************************************
>> Linked Wed Sep 07 21:11:06 2011

OUTPUT FILE NAME:   <./Debug/rnlms.out>
ENTRY POINT SYMBOL: "_c_int00"  address: 000085e0


SECTION ALLOCATION MAP

 output                                  attributes/
section   page    origin      length       input sections
--------  ----  ----------  ----------   ----------------
.bss       0    00000000    00000000     UNINITIALIZED

.data      0    00000000    00000000     UNINITIALIZED

.vectors   0    00000000    00000000     UNINITIALIZED

.text      0    00000000    000088a0     
                  00000000    00000520     rts6700.lib : _printfi.obj (.text:__setfield)
                  00000520    00000480                 : _printfi.obj (.text:__getarg_diouxp)
                  000009a0    00000460                 : _printfi.obj (.text:__printfi)
                  00000e00    00000400                 : _printfi.obj (.text:__fcpy)
                  00001200    000003e0                 : _printfi.obj (.text:_ecvt)
                  000015e0    000003e0                 : _printfi.obj (.text:_fcvt)
                  000019c0    000003a0                 : fputs.obj (.text:_fputs)
                  00001d60    000003a0                 : memory.obj (.text:_free)
                  00002100    00000380                 : _printfi.obj (.text:__pproc_fwp)
                  00002480    00000360                 : fread.obj (.text:_fread)
                  000027e0    00000340                 : _printfi.obj (.text:__pconv_e)
                  00002b20    00000320                 : imath64.obj (.text:__divull)
                  00002e40    00000320                 : frcdivd.obj (.text:__frcdivd)
                  00003160    000002e0                 : _printfi.obj (.text:__pproc_diouxp)
                  00003440    000002e0                 : _printfi.obj (.text:__pproc_str)
                  00003720    00000280                 : divd.obj (.text:__divd)
                  000039a0    00000240                 : imath40.obj (.text:__divul)
                  00003be0    00000240                 : memcpy62.obj (.text:_memcpy)
                  00003e20    00000220                 : trgdrv.obj (.text:_HOSTrename)
                  00004040    00000220                 : _printfi.obj (.text:__mcpy)
                  00004260    00000220                 : fopen.obj (.text:__openfile)
                  00004480    00000220                 : setvbuf.obj (.text:_setvbuf)
                  000046a0    00000200                 : _printfi.obj (.text:__pconv_g)
                  000048a0    00000200                 : memory.obj (.text:_malloc)
                  00004aa0    00000200                 : lowlev.obj (.text:_open)
                  00004ca0    000001c0                 : _printfi.obj (.text:__ltostr)
                  00004e60    000001c0                 : sqrtf.obj (.text:_sqrtf)
                  00005020    000001a0                 : _bufread.obj (.text:__buff_read)
                  000051c0    000001a0                 : lowlev.obj (.text:_getdevice)
                  00005360    00000180     tester.obj (.text)
                  000054e0    00000180     rts6700.lib : fputc.obj (.text:_fputc)
                  00005660    00000160                 : _printfi.obj (.text:__pproc_fflags)
                  000057c0    00000160                 : fopen.obj (.text:__search_fp)
                  00005920    00000160                 : fclose.obj (.text:_fclose)
                  00005a80    00000160                 : ldexpf.obj (.text:_ldexpf)
                  00005be0    00000140                 : trgdrv.obj (.text:_HOSTopen)
                  00005d20    00000140                 : atoi.obj (.text:_atoi)
                  00005e60    00000140                 : exit.obj (.text:_exit)
                  00005fa0    00000140                 : fflush.obj (.text:_fflush)
                  000060e0    00000140                 : ltoa.obj (.text:_ltoa)
                  00006220    00000140                 : memset.obj (.text:_memset)
                  00006360    00000120                 : trgdrv.obj (.text:_HOSTlseek)
                  00006480    00000120                 : trgdrv.obj (.text:_HOSTread)
                  000065a0    00000120                 : trgdrv.obj (.text:_HOSTwrite)
                  000066c0    00000120                 : autoinit.obj (.text:__auto_init)
                  000067e0    00000120                 : fopen.obj (.text:__cleanup)
                  00006900    00000120                 : _printfi.obj (.text:__div)
                  00006a20    00000120                 : imath40.obj (.text:__divli)
                  00006b40    00000120                 : _io_perm.obj (.text:__wrt_ok)
                  00006c60    00000120                 : lowlev.obj (.text:_close)
                  00006d80    00000120                 : fseek.obj (.text:_fseek)
                  00006ea0    00000120                 : lowlev.obj (.text:_lseek)
                  00006fc0    00000120                 : lowlev.obj (.text:_read)
                  000070e0    00000120                 : lowlev.obj (.text:_write)
                  00007200    00000100                 : trgdrv.obj (.text:_HOSTunlink)
                  00007300    00000100                 : _printfi.obj (.text:__ecpy)
                  00007400    00000100                 : _printfi.obj (.text:__pconv_f)
                  00007500    00000100                 : _printfi.obj (.text:__pproc_fge)
                  00007600    00000100                 : frexpf.obj (.text:_frexpf)
                  00007700    000000e0                 : trgdrv.obj (.text:_HOSTclose)
                  000077e0    000000e0                 : memory.obj (.text:_minsert)
                  000078c0    000000c0                 : divu.obj (.text:__divu)
                  00007980    000000c0                 : fflush.obj (.text:__doflush)
                  00007a40    000000c0                 : fixdli.obj (.text:__fixdli)
                  00007b00    000000c0                 : _io_perm.obj (.text:__rd_ok)
                  00007bc0    000000c0                 : lowlev.obj (.text:_finddevice)
                  00007c80    000000c0                 : memory.obj (.text:_mremove)
                  00007d40    000000c0                 : trgmsg.obj (.text:_readmsg)
                  00007e00    000000c0                 : lowlev.obj (.text:_tabinit)
                  00007ec0    000000c0                 : trgmsg.obj (.text:_writemsg)
                  00007f80    000000a0                 : fltlid.obj (.text:__fltlid)
                  00008020    000000a0                 : mpyll.obj (.text:__mpyll)
                  000080c0    000000a0                 : imath40.obj (.text:__remli)
                  00008160    000000a0                 : fopen.obj (.text:_fopen)
                  00008200    000000a0                 : fprintf.obj (.text:_fprintf)
                  000082a0    000000a0                 : printf.obj (.text:_printf)
                  00008340    000000a0                 : lowlev.obj (.text:_unlink)
                  000083e0    00000080     global.obj (.text)
                  00008460    00000080     rts6700.lib : assert.obj (.text:__abort_msg)
                  000084e0    00000080                 : llshift.obj (.text:__llshl)
                  00008560    00000080                 : llshift.obj (.text:__llshru)
                  000085e0    00000080                 : boot.obj (.text:_c_int00)
                  00008660    00000080                 : memccpy.obj (.text:_memccpy)
                  000086e0    00000060                 : imath64.obj (.text:__subcull)
                  00008740    00000040                 : args_main.obj (.text:__args_main)
                  00008780    00000020                 : negll.obj (.text:__negll)
                  000087a0    00000020                 : _lock.obj (.text:__nop)
                  000087c0    00000020                 : printf.obj (.text:__outc)
                  000087e0    00000020                 : fprintf.obj (.text:__outc)
                  00008800    00000020                 : fprintf.obj (.text:__outs)
                  00008820    00000020                 : printf.obj (.text:__outs)
                  00008840    00000020                 : exit.obj (.text:_abort)
                  00008860    00000020                 : feof.obj (.text:_feof)
                  00008880    00000020                 : remove.obj (.text:_remove)

.sysmem    0    000088a0    000007d0     UNINITIALIZED
                  000088a0    00000008     rts6700.lib : memory.obj (.sysmem)

.stack     0    00009070    00000640     UNINITIALIZED
                  00009070    00000008     rts6700.lib : boot.obj (.stack)

.far       0    000096b0    000003d4     UNINITIALIZED
                  000096b0    00000194     rts6700.lib : defs.obj (.far)
                  00009844    000000d0                 : trgdrv.obj (.far)
                  00009914    000000cc                 : lowlev.obj (.far)
                  000099e0    0000008c                 : exit.obj (.far)
                  00009a6c    00000008                 : _lock.obj (.far)
                  00009a74    00000008                 : memory.obj (.far)
                  00009a7c    00000004                 : errno.obj (.far)
                  00009a80    00000004                 : fopen.obj (.far)

.const     0    00009a84    000001b3     
                  00009a84    00000101     rts6700.lib : ctype.obj (.const)
                  00009b85    00000003                 : assert.obj (.const)
                  00009b88    00000055     tester.obj (.const)
                  00009bdd    00000002     rts6700.lib : fputs.obj (.const)
                  00009bdf    00000001     --HOLE-- [fill = 0]
                  00009be0    00000034     global.obj (.const)
                  00009c14    00000023     rts6700.lib : _printfi.obj (.const)

.cinit     0    00009c38    00000164     
                  00009c38    0000005c     rts6700.lib : lowlev.obj (.cinit)
                  00009c94    00000004     --HOLE-- [fill = 0]
                  00009c98    0000005c                 : defs.obj (.cinit)
                  00009cf4    00000004     --HOLE-- [fill = 0]
                  00009cf8    0000002c                 : memory.obj (.cinit)
                  00009d24    00000004     --HOLE-- [fill = 0]
                  00009d28    0000002c                 : exit.obj (.cinit)
                  00009d54    00000004     --HOLE-- [fill = 0]
                  00009d58    0000001c                 : _lock.obj (.cinit)
                  00009d74    00000004     --HOLE-- [fill = 0]
                  00009d78    0000000c                 : errno.obj (.cinit)
                  00009d84    00000004     --HOLE-- [fill = 0]
                  00009d88    0000000c                 : fopen.obj (.cinit)
                  00009d94    00000008     --HOLE-- [fill = 0]

.cio       0    00009d9c    00000120     UNINITIALIZED
                  00009d9c    00000120     rts6700.lib : trgmsg.obj (.cio)

.switch    0    00009ebc    00000010     
                  00009ebc    00000010     rts6700.lib : frcdivd.obj (.switch)


GLOBAL SYMBOLS: SORTED ALPHABETICALLY BY Name 

address    name
--------   ----
00000000   $bss
00000000   .bss
00000000   .data
00000000   .text
00008840   C$$EXIT
00007f6c   C$$IO$$
00007700   _HOSTclose
00006360   _HOSTlseek
00005be0   _HOSTopen
00006480   _HOSTread
00003e20   _HOSTrename
00007200   _HOSTunlink
000065a0   _HOSTwrite
00009d9c   __CIOBUF_
00000640   __STACK_SIZE
000007d0   __SYSMEM_SIZE
ffffffff   ___binit__
00000000   ___bss__
ffffffff   ___c_args__
00009c38   ___cinit__
00000000   ___data__
00000000   ___edata__
00000000   ___end__
000088a0   ___etext__
ffffffff   ___pinit__
00000000   ___text__
00008460   __abort_msg
00008740   __args_main
000066c0   __auto_init
00005020   __buff_read
000067e0   __cleanup
00009a64   __cleanup_ptr
00009a84   __ctypes_
00003720   __divd
00006a20   __divli
000078c0   __divu
000039a0   __divul
00002b20   __divull
00007980   __doflush
00009a68   __dtors_ptr
00007a40   __fixdli
00007f80   __fltlid
00002e40   __frcdivd
00009840   __ft_end
000096b0   __ftable
000084e0   __llshl
00008560   __llshru
00009a6c   __lock
00008020   __mpyll
00008780   __negll
000087a0   __nop
000009a0   __printfi
00007b00   __rd_ok
000080c0   __remli
00009070   __stack
000086e0   __subcull
000088a0   __sys_memory
000097a0   __tmpnams
00009a70   __unlock
00006b40   __wrt_ok
00008840   _abort
00005d20   _atoi
000085e0   _c_int00
00006c60   _close
00009a7c   _errno
00005e60   _exit
00005920   _fclose
00008860   _feof
00005fa0   _fflush
00008160   _fopen
00008200   _fprintf
000054e0   _fputc
000019c0   _fputs
00002480   _fread
00001d60   _free
00007600   _frexpf
00006d80   _fseek
00005a80   _ldexpf
00006ea0   _lseek
000060e0   _ltoa
00005484   _main
000048a0   _malloc
00008660   _memccpy
00003be0   _memcpy
00006220   _memset
00008400   _my_sqrtf
00004aa0   _open
000082a0   _printf
000054e0   _putc
00006fc0   _read
00007d40   _readmsg
00008880   _remove
00004480   _setvbuf
000083e0   _sqr
00004e60   _sqrtf
00005360   _testAlgo
00008340   _unlink
000070e0   _write
00007ec0   _writemsg
ffffffff   binit
00009c38   cinit
00000000   edata
00000000   end
000088a0   etext
ffffffff   pinit


GLOBAL SYMBOLS: SORTED BY Symbol Address 

address    name
--------   ----
00000000   $bss
00000000   .bss
00000000   .data
00000000   .text
00000000   ___bss__
00000000   ___data__
00000000   ___edata__
00000000   ___end__
00000000   ___text__
00000000   edata
00000000   end
00000640   __STACK_SIZE
000007d0   __SYSMEM_SIZE
000009a0   __printfi
000019c0   _fputs
00001d60   _free
00002480   _fread
00002b20   __divull
00002e40   __frcdivd
00003720   __divd
000039a0   __divul
00003be0   _memcpy
00003e20   _HOSTrename
00004480   _setvbuf
000048a0   _malloc
00004aa0   _open
00004e60   _sqrtf
00005020   __buff_read
00005360   _testAlgo
00005484   _main
000054e0   _fputc
000054e0   _putc
00005920   _fclose
00005a80   _ldexpf
00005be0   _HOSTopen
00005d20   _atoi
00005e60   _exit
00005fa0   _fflush
000060e0   _ltoa
00006220   _memset
00006360   _HOSTlseek
00006480   _HOSTread
000065a0   _HOSTwrite
000066c0   __auto_init
000067e0   __cleanup
00006a20   __divli
00006b40   __wrt_ok
00006c60   _close
00006d80   _fseek
00006ea0   _lseek
00006fc0   _read
000070e0   _write
00007200   _HOSTunlink
00007600   _frexpf
00007700   _HOSTclose
000078c0   __divu
00007980   __doflush
00007a40   __fixdli
00007b00   __rd_ok
00007d40   _readmsg
00007ec0   _writemsg
00007f6c   C$$IO$$
00007f80   __fltlid
00008020   __mpyll
000080c0   __remli
00008160   _fopen
00008200   _fprintf
000082a0   _printf
00008340   _unlink
000083e0   _sqr
00008400   _my_sqrtf
00008460   __abort_msg
000084e0   __llshl
00008560   __llshru
000085e0   _c_int00
00008660   _memccpy
000086e0   __subcull
00008740   __args_main
00008780   __negll
000087a0   __nop
00008840   C$$EXIT
00008840   _abort
00008860   _feof
00008880   _remove
000088a0   ___etext__
000088a0   __sys_memory
000088a0   etext
00009070   __stack
000096b0   __ftable
000097a0   __tmpnams
00009840   __ft_end
00009a64   __cleanup_ptr
00009a68   __dtors_ptr
00009a6c   __lock
00009a70   __unlock
00009a7c   _errno
00009a84   __ctypes_
00009c38   ___cinit__
00009c38   cinit
00009d9c   __CIOBUF_
ffffffff   ___binit__
ffffffff   ___c_args__
ffffffff   ___pinit__
ffffffff   binit
ffffffff   pinit

[105 symbols]
