******************************************************************************
          TMS320C6x COFF Linker PC v6.0.8                      
******************************************************************************
>> Linked Mon Sep 12 15:06:33 2011

OUTPUT FILE NAME:   <./Debug/rnlms.out>
ENTRY POINT SYMBOL: "_c_int00"  address: 0000a480


SECTION ALLOCATION MAP

 output                                  attributes/
section   page    origin      length       input sections
--------  ----  ----------  ----------   ----------------
.bss       0    00000000    00000000     UNINITIALIZED

.data      0    00000000    00000000     UNINITIALIZED

.vectors   0    00000000    00000000     UNINITIALIZED

.text      0    00000000    0000a740     
                  00000000    00000820     rnlms.obj (.text)
                  00000820    00000780     tester.obj (.text)
                  00000fa0    000005a0     rts6700.lib : fwrite.obj (.text:_fwrite)
                  00001540    00000560     CircularBuffer.obj (.text)
                  00001aa0    00000520     rts6700.lib : _printfi.obj (.text:__setfield)
                  00001fc0    00000480                 : _printfi.obj (.text:__getarg_diouxp)
                  00002440    00000460                 : _printfi.obj (.text:__printfi)
                  000028a0    00000400                 : _printfi.obj (.text:__fcpy)
                  00002ca0    000003e0                 : _printfi.obj (.text:_ecvt)
                  00003080    000003e0                 : _printfi.obj (.text:_fcvt)
                  00003460    000003a0                 : fputs.obj (.text:_fputs)
                  00003800    000003a0                 : memory.obj (.text:_free)
                  00003ba0    00000380                 : _printfi.obj (.text:__pproc_fwp)
                  00003f20    00000360                 : fread.obj (.text:_fread)
                  00004280    00000340                 : _printfi.obj (.text:__pconv_e)
                  000045c0    00000320                 : imath64.obj (.text:__divull)
                  000048e0    00000320                 : frcdivd.obj (.text:__frcdivd)
                  00004c00    000002e0                 : _printfi.obj (.text:__pproc_diouxp)
                  00004ee0    000002e0                 : _printfi.obj (.text:__pproc_str)
                  000051c0    00000280                 : divd.obj (.text:__divd)
                  00005440    00000240                 : imath40.obj (.text:__divul)
                  00005680    00000240                 : memcpy62.obj (.text:_memcpy)
                  000058c0    00000220                 : trgdrv.obj (.text:_HOSTrename)
                  00005ae0    00000220                 : _printfi.obj (.text:__mcpy)
                  00005d00    00000220                 : fopen.obj (.text:__openfile)
                  00005f20    00000220                 : setvbuf.obj (.text:_setvbuf)
                  00006140    00000200                 : _printfi.obj (.text:__pconv_g)
                  00006340    00000200                 : memory.obj (.text:_malloc)
                  00006540    00000200                 : lowlev.obj (.text:_open)
                  00006740    000001c0                 : _printfi.obj (.text:__ltostr)
                  00006900    000001c0                 : sqrtf.obj (.text:_sqrtf)
                  00006ac0    000001a0     utils.obj (.text)
                  00006c60    000001a0     rts6700.lib : _bufread.obj (.text:__buff_read)
                  00006e00    000001a0                 : divf.obj (.text:__divf)
                  00006fa0    000001a0                 : lowlev.obj (.text:_getdevice)
                  00007140    00000180                 : fputc.obj (.text:_fputc)
                  000072c0    00000160                 : _printfi.obj (.text:__pproc_fflags)
                  00007420    00000160                 : fopen.obj (.text:__search_fp)
                  00007580    00000160                 : fclose.obj (.text:_fclose)
                  000076e0    00000160                 : ldexpf.obj (.text:_ldexpf)
                  00007840    00000140                 : trgdrv.obj (.text:_HOSTopen)
                  00007980    00000140                 : strasg.obj (.text:__strasgi)
                  00007ac0    00000140                 : atoi.obj (.text:_atoi)
                  00007c00    00000140                 : exit.obj (.text:_exit)
                  00007d40    00000140                 : fflush.obj (.text:_fflush)
                  00007e80    00000140                 : ltoa.obj (.text:_ltoa)
                  00007fc0    00000140                 : memset.obj (.text:_memset)
                  00008100    00000120                 : trgdrv.obj (.text:_HOSTlseek)
                  00008220    00000120                 : trgdrv.obj (.text:_HOSTread)
                  00008340    00000120                 : trgdrv.obj (.text:_HOSTwrite)
                  00008460    00000120                 : autoinit.obj (.text:__auto_init)
                  00008580    00000120                 : fopen.obj (.text:__cleanup)
                  000086a0    00000120                 : _printfi.obj (.text:__div)
                  000087c0    00000120                 : imath40.obj (.text:__divli)
                  000088e0    00000120                 : _io_perm.obj (.text:__wrt_ok)
                  00008a00    00000120                 : lowlev.obj (.text:_close)
                  00008b20    00000120                 : fseek.obj (.text:_fseek)
                  00008c40    00000120                 : lowlev.obj (.text:_lseek)
                  00008d60    00000120                 : lowlev.obj (.text:_read)
                  00008e80    00000120                 : lowlev.obj (.text:_write)
                  00008fa0    00000100                 : trgdrv.obj (.text:_HOSTunlink)
                  000090a0    00000100                 : _printfi.obj (.text:__ecpy)
                  000091a0    00000100                 : frcdivf.obj (.text:__frcdivf)
                  000092a0    00000100                 : _printfi.obj (.text:__pconv_f)
                  000093a0    00000100                 : _printfi.obj (.text:__pproc_fge)
                  000094a0    00000100                 : frexpf.obj (.text:_frexpf)
                  000095a0    000000e0                 : trgdrv.obj (.text:_HOSTclose)
                  00009680    000000e0                 : memory.obj (.text:_minsert)
                  00009760    000000c0                 : divu.obj (.text:__divu)
                  00009820    000000c0                 : fflush.obj (.text:__doflush)
                  000098e0    000000c0                 : fixdli.obj (.text:__fixdli)
                  000099a0    000000c0                 : _io_perm.obj (.text:__rd_ok)
                  00009a60    000000c0                 : lowlev.obj (.text:_finddevice)
                  00009b20    000000c0                 : memory.obj (.text:_mremove)
                  00009be0    000000c0                 : trgmsg.obj (.text:_readmsg)
                  00009ca0    000000c0                 : lowlev.obj (.text:_tabinit)
                  00009d60    000000c0                 : trgmsg.obj (.text:_writemsg)
                  00009e20    000000a0                 : fltlid.obj (.text:__fltlid)
                  00009ec0    000000a0                 : mpyll.obj (.text:__mpyll)
                  00009f60    000000a0                 : imath40.obj (.text:__remli)
                  0000a000    000000a0                 : fopen.obj (.text:_fopen)
                  0000a0a0    000000a0                 : fprintf.obj (.text:_fprintf)
                  0000a140    000000a0                 : printf.obj (.text:_printf)
                  0000a1e0    000000a0                 : lowlev.obj (.text:_unlink)
                  0000a280    00000080     global.obj (.text)
                  0000a300    00000080     rts6700.lib : assert.obj (.text:__abort_msg)
                  0000a380    00000080                 : llshift.obj (.text:__llshl)
                  0000a400    00000080                 : llshift.obj (.text:__llshru)
                  0000a480    00000080                 : boot.obj (.text:_c_int00)
                  0000a500    00000080                 : memccpy.obj (.text:_memccpy)
                  0000a580    00000060                 : imath64.obj (.text:__subcull)
                  0000a5e0    00000040                 : args_main.obj (.text:__args_main)
                  0000a620    00000020                 : negll.obj (.text:__negll)
                  0000a640    00000020                 : _lock.obj (.text:__nop)
                  0000a660    00000020                 : fprintf.obj (.text:__outc)
                  0000a680    00000020                 : printf.obj (.text:__outc)
                  0000a6a0    00000020                 : printf.obj (.text:__outs)
                  0000a6c0    00000020                 : fprintf.obj (.text:__outs)
                  0000a6e0    00000020                 : exit.obj (.text:_abort)
                  0000a700    00000020                 : feof.obj (.text:_feof)
                  0000a720    00000020                 : remove.obj (.text:_remove)

.sysmem    0    0000a740    00001f40     UNINITIALIZED
                  0000a740    00000008     rts6700.lib : memory.obj (.sysmem)

.const     0    0000c680    000006d5     
                  0000c680    0000052c     tester.obj (.const)
                  0000cbac    00000101     rts6700.lib : ctype.obj (.const)
                  0000ccad    00000003                 : assert.obj (.const)
                  0000ccb0    0000004c     CircularBuffer.obj (.const)
                  0000ccfc    00000034     global.obj (.const)
                  0000cd30    00000023     rts6700.lib : _printfi.obj (.const)
                  0000cd53    00000002                 : fputs.obj (.const)

.stack     0    0000cd58    00000640     UNINITIALIZED
                  0000cd58    00000008     rts6700.lib : boot.obj (.stack)

.far       0    0000d398    000003d4     UNINITIALIZED
                  0000d398    00000194     rts6700.lib : defs.obj (.far)
                  0000d52c    000000d0                 : trgdrv.obj (.far)
                  0000d5fc    000000cc                 : lowlev.obj (.far)
                  0000d6c8    0000008c                 : exit.obj (.far)
                  0000d754    00000008                 : _lock.obj (.far)
                  0000d75c    00000008                 : memory.obj (.far)
                  0000d764    00000004                 : errno.obj (.far)
                  0000d768    00000004                 : fopen.obj (.far)

.cinit     0    0000d770    00000164     
                  0000d770    0000005c     rts6700.lib : lowlev.obj (.cinit)
                  0000d7cc    00000004     --HOLE-- [fill = 0]
                  0000d7d0    0000005c                 : defs.obj (.cinit)
                  0000d82c    00000004     --HOLE-- [fill = 0]
                  0000d830    0000002c                 : memory.obj (.cinit)
                  0000d85c    00000004     --HOLE-- [fill = 0]
                  0000d860    0000002c                 : exit.obj (.cinit)
                  0000d88c    00000004     --HOLE-- [fill = 0]
                  0000d890    0000001c                 : _lock.obj (.cinit)
                  0000d8ac    00000004     --HOLE-- [fill = 0]
                  0000d8b0    0000000c                 : errno.obj (.cinit)
                  0000d8bc    00000004     --HOLE-- [fill = 0]
                  0000d8c0    0000000c                 : fopen.obj (.cinit)
                  0000d8cc    00000008     --HOLE-- [fill = 0]

.cio       0    0000d8d4    00000120     UNINITIALIZED
                  0000d8d4    00000120     rts6700.lib : trgmsg.obj (.cio)

.switch    0    0000d9f4    00000010     
                  0000d9f4    00000010     rts6700.lib : frcdivd.obj (.switch)


GLOBAL SYMBOLS: SORTED ALPHABETICALLY BY Name 

address    name
--------   ----
00000000   $bss
00000000   .bss
00000000   .data
00000000   .text
0000a6e0   C$$EXIT
00009e0c   C$$IO$$
00001540   _CB_calc_pos
000019fc   _CB_get_elem
00001a4c   _CB_get_first_elem
00001868   _CB_init
00001994   _CB_push_elem
00001844   _CB_size
000095a0   _HOSTclose
00008100   _HOSTlseek
00007840   _HOSTopen
00008220   _HOSTread
000058c0   _HOSTrename
00008fa0   _HOSTunlink
00008340   _HOSTwrite
00006b04   _MIN
00006b34   _MIN_size_t
00006ac0   _SIGN
0000d8d4   __CIOBUF_
00000640   __STACK_SIZE
00001f40   __SYSMEM_SIZE
ffffffff   ___binit__
00000000   ___bss__
ffffffff   ___c_args__
0000d770   ___cinit__
00000000   ___data__
00000000   ___edata__
00000000   ___end__
0000a740   ___etext__
ffffffff   ___pinit__
00000000   ___text__
0000a300   __abort_msg
0000a5e0   __args_main
00008460   __auto_init
00006c60   __buff_read
00008580   __cleanup
0000d74c   __cleanup_ptr
0000cbac   __ctypes_
000051c0   __divd
00006e00   __divf
000087c0   __divli
00009760   __divu
00005440   __divul
000045c0   __divull
00009820   __doflush
0000d750   __dtors_ptr
000098e0   __fixdli
00009e20   __fltlid
000048e0   __frcdivd
000091a0   __frcdivf
0000d528   __ft_end
0000d398   __ftable
0000a380   __llshl
0000a400   __llshru
0000d754   __lock
00009ec0   __mpyll
0000a620   __negll
0000a640   __nop
00002440   __printfi
000099a0   __rd_ok
00009f60   __remli
0000cd58   __stack
00007980   __strasgi
0000a580   __subcull
0000a740   __sys_memory
0000d488   __tmpnams
0000d758   __unlock
000088e0   __wrt_ok
0000a6e0   _abort
00007ac0   _atoi
0000a480   _c_int00
00000230   _calc_norma
00008a00   _close
00006b60   _convert_from_NUM_to_int16
00006be0   _convert_from_int16_to_NUM
000015a8   _convolution_CB_and_CB
000016b0   _convolution_CB_and_vector
0000d764   _errno
00007c00   _exit
00007580   _fclose
0000a700   _feof
00007d40   _fflush
000001ec   _filter_output
0000a000   _fopen
0000a0a0   _fprintf
00007140   _fputc
00003460   _fputs
00003f20   _fread
00003800   _free
000094a0   _frexpf
00008b20   _fseek
00000fa0   _fwrite
000002e8   _insert_right
000076e0   _ldexpf
00008c40   _lseek
00007e80   _ltoa
00000e8c   _main
00006340   _malloc
0000a500   _memccpy
00005680   _memcpy
00007fc0   _memset
0000a2a0   _my_sqrtf
00006540   _open
0000a140   _printf
00007140   _putc
00008d60   _read
00009be0   _readmsg
0000a720   _remove
00000378   _rlms_func
00000040   _rlms_init
00000000   _rlms_sizeOfRequiredMemory
00005f20   _setvbuf
0000a280   _sqr
00006900   _sqrtf
000008fc   _testAlgo
00000820   _testBlock
0000a1e0   _unlink
00008e80   _write
00009d60   _writemsg
ffffffff   binit
0000d770   cinit
00000000   edata
00000000   end
0000a740   etext
ffffffff   pinit


GLOBAL SYMBOLS: SORTED BY Symbol Address 

address    name
--------   ----
00000000   $bss
00000000   .bss
00000000   .data
00000000   .text
00000000   ___bss__
00000000   ___data__
00000000   ___edata__
00000000   ___end__
00000000   ___text__
00000000   _rlms_sizeOfRequiredMemory
00000000   edata
00000000   end
00000040   _rlms_init
000001ec   _filter_output
00000230   _calc_norma
000002e8   _insert_right
00000378   _rlms_func
00000640   __STACK_SIZE
00000820   _testBlock
000008fc   _testAlgo
00000e8c   _main
00000fa0   _fwrite
00001540   _CB_calc_pos
000015a8   _convolution_CB_and_CB
000016b0   _convolution_CB_and_vector
00001844   _CB_size
00001868   _CB_init
00001994   _CB_push_elem
000019fc   _CB_get_elem
00001a4c   _CB_get_first_elem
00001f40   __SYSMEM_SIZE
00002440   __printfi
00003460   _fputs
00003800   _free
00003f20   _fread
000045c0   __divull
000048e0   __frcdivd
000051c0   __divd
00005440   __divul
00005680   _memcpy
000058c0   _HOSTrename
00005f20   _setvbuf
00006340   _malloc
00006540   _open
00006900   _sqrtf
00006ac0   _SIGN
00006b04   _MIN
00006b34   _MIN_size_t
00006b60   _convert_from_NUM_to_int16
00006be0   _convert_from_int16_to_NUM
00006c60   __buff_read
00006e00   __divf
00007140   _fputc
00007140   _putc
00007580   _fclose
000076e0   _ldexpf
00007840   _HOSTopen
00007980   __strasgi
00007ac0   _atoi
00007c00   _exit
00007d40   _fflush
00007e80   _ltoa
00007fc0   _memset
00008100   _HOSTlseek
00008220   _HOSTread
00008340   _HOSTwrite
00008460   __auto_init
00008580   __cleanup
000087c0   __divli
000088e0   __wrt_ok
00008a00   _close
00008b20   _fseek
00008c40   _lseek
00008d60   _read
00008e80   _write
00008fa0   _HOSTunlink
000091a0   __frcdivf
000094a0   _frexpf
000095a0   _HOSTclose
00009760   __divu
00009820   __doflush
000098e0   __fixdli
000099a0   __rd_ok
00009be0   _readmsg
00009d60   _writemsg
00009e0c   C$$IO$$
00009e20   __fltlid
00009ec0   __mpyll
00009f60   __remli
0000a000   _fopen
0000a0a0   _fprintf
0000a140   _printf
0000a1e0   _unlink
0000a280   _sqr
0000a2a0   _my_sqrtf
0000a300   __abort_msg
0000a380   __llshl
0000a400   __llshru
0000a480   _c_int00
0000a500   _memccpy
0000a580   __subcull
0000a5e0   __args_main
0000a620   __negll
0000a640   __nop
0000a6e0   C$$EXIT
0000a6e0   _abort
0000a700   _feof
0000a720   _remove
0000a740   ___etext__
0000a740   __sys_memory
0000a740   etext
0000cbac   __ctypes_
0000cd58   __stack
0000d398   __ftable
0000d488   __tmpnams
0000d528   __ft_end
0000d74c   __cleanup_ptr
0000d750   __dtors_ptr
0000d754   __lock
0000d758   __unlock
0000d764   _errno
0000d770   ___cinit__
0000d770   cinit
0000d8d4   __CIOBUF_
ffffffff   ___binit__
ffffffff   ___c_args__
ffffffff   ___pinit__
ffffffff   binit
ffffffff   pinit

[129 symbols]
