******************************************************************************
          TMS320C6x COFF Linker PC v6.0.8                      
******************************************************************************
>> Linked Tue Sep 13 16:18:00 2011

OUTPUT FILE NAME:   <./Debug/rnlms.out>
ENTRY POINT SYMBOL: "_c_int00"  address: 0000a2e0


SECTION ALLOCATION MAP

 output                                  attributes/
section   page    origin      length       input sections
--------  ----  ----------  ----------   ----------------
.bss       0    00000000    00000000     UNINITIALIZED

.data      0    00000000    00000000     UNINITIALIZED

.vectors   0    00000000    00000000     UNINITIALIZED

.text      0    00000000    0000a5a0     
                  00000000    00000820     rnlms.obj (.text)
                  00000820    00000720     tester.obj (.text)
                  00000f40    000005a0     rts6700.lib : fwrite.obj (.text:_fwrite)
                  000014e0    00000560     CircularBuffer.obj (.text)
                  00001a40    00000520     rts6700.lib : _printfi.obj (.text:__setfield)
                  00001f60    00000480                 : _printfi.obj (.text:__getarg_diouxp)
                  000023e0    00000460                 : _printfi.obj (.text:__printfi)
                  00002840    00000400                 : _printfi.obj (.text:__fcpy)
                  00002c40    000003e0                 : _printfi.obj (.text:_ecvt)
                  00003020    000003e0                 : _printfi.obj (.text:_fcvt)
                  00003400    000003a0                 : fputs.obj (.text:_fputs)
                  000037a0    000003a0                 : memory.obj (.text:_free)
                  00003b40    00000380                 : _printfi.obj (.text:__pproc_fwp)
                  00003ec0    00000360                 : fread.obj (.text:_fread)
                  00004220    00000340                 : _printfi.obj (.text:__pconv_e)
                  00004560    00000320                 : imath64.obj (.text:__divull)
                  00004880    00000320                 : frcdivd.obj (.text:__frcdivd)
                  00004ba0    000002e0                 : _printfi.obj (.text:__pproc_diouxp)
                  00004e80    000002e0                 : _printfi.obj (.text:__pproc_str)
                  00005160    00000280                 : divd.obj (.text:__divd)
                  000053e0    00000240                 : imath40.obj (.text:__divul)
                  00005620    00000240                 : memcpy62.obj (.text:_memcpy)
                  00005860    00000220                 : trgdrv.obj (.text:_HOSTrename)
                  00005a80    00000220                 : _printfi.obj (.text:__mcpy)
                  00005ca0    00000220                 : fopen.obj (.text:__openfile)
                  00005ec0    00000220                 : setvbuf.obj (.text:_setvbuf)
                  000060e0    00000200                 : _printfi.obj (.text:__pconv_g)
                  000062e0    00000200                 : memory.obj (.text:_malloc)
                  000064e0    00000200                 : lowlev.obj (.text:_open)
                  000066e0    000001c0                 : _printfi.obj (.text:__ltostr)
                  000068a0    000001c0                 : sqrtf.obj (.text:_sqrtf)
                  00006a60    000001a0     utils.obj (.text)
                  00006c00    000001a0     rts6700.lib : _bufread.obj (.text:__buff_read)
                  00006da0    000001a0                 : divf.obj (.text:__divf)
                  00006f40    000001a0                 : lowlev.obj (.text:_getdevice)
                  000070e0    00000180                 : fputc.obj (.text:_fputc)
                  00007260    00000160                 : _printfi.obj (.text:__pproc_fflags)
                  000073c0    00000160                 : fopen.obj (.text:__search_fp)
                  00007520    00000160                 : fclose.obj (.text:_fclose)
                  00007680    00000160                 : ldexpf.obj (.text:_ldexpf)
                  000077e0    00000140                 : trgdrv.obj (.text:_HOSTopen)
                  00007920    00000140                 : atoi.obj (.text:_atoi)
                  00007a60    00000140                 : exit.obj (.text:_exit)
                  00007ba0    00000140                 : fflush.obj (.text:_fflush)
                  00007ce0    00000140                 : ltoa.obj (.text:_ltoa)
                  00007e20    00000140                 : memset.obj (.text:_memset)
                  00007f60    00000120                 : trgdrv.obj (.text:_HOSTlseek)
                  00008080    00000120                 : trgdrv.obj (.text:_HOSTread)
                  000081a0    00000120                 : trgdrv.obj (.text:_HOSTwrite)
                  000082c0    00000120                 : autoinit.obj (.text:__auto_init)
                  000083e0    00000120                 : fopen.obj (.text:__cleanup)
                  00008500    00000120                 : _printfi.obj (.text:__div)
                  00008620    00000120                 : imath40.obj (.text:__divli)
                  00008740    00000120                 : _io_perm.obj (.text:__wrt_ok)
                  00008860    00000120                 : lowlev.obj (.text:_close)
                  00008980    00000120                 : fseek.obj (.text:_fseek)
                  00008aa0    00000120                 : lowlev.obj (.text:_lseek)
                  00008bc0    00000120                 : lowlev.obj (.text:_read)
                  00008ce0    00000120                 : lowlev.obj (.text:_write)
                  00008e00    00000100                 : trgdrv.obj (.text:_HOSTunlink)
                  00008f00    00000100                 : _printfi.obj (.text:__ecpy)
                  00009000    00000100                 : frcdivf.obj (.text:__frcdivf)
                  00009100    00000100                 : _printfi.obj (.text:__pconv_f)
                  00009200    00000100                 : _printfi.obj (.text:__pproc_fge)
                  00009300    00000100                 : frexpf.obj (.text:_frexpf)
                  00009400    000000e0                 : trgdrv.obj (.text:_HOSTclose)
                  000094e0    000000e0                 : memory.obj (.text:_minsert)
                  000095c0    000000c0                 : divu.obj (.text:__divu)
                  00009680    000000c0                 : fflush.obj (.text:__doflush)
                  00009740    000000c0                 : fixdli.obj (.text:__fixdli)
                  00009800    000000c0                 : _io_perm.obj (.text:__rd_ok)
                  000098c0    000000c0                 : lowlev.obj (.text:_finddevice)
                  00009980    000000c0                 : memory.obj (.text:_mremove)
                  00009a40    000000c0                 : trgmsg.obj (.text:_readmsg)
                  00009b00    000000c0                 : lowlev.obj (.text:_tabinit)
                  00009bc0    000000c0                 : trgmsg.obj (.text:_writemsg)
                  00009c80    000000a0                 : fltlid.obj (.text:__fltlid)
                  00009d20    000000a0                 : mpyll.obj (.text:__mpyll)
                  00009dc0    000000a0                 : imath40.obj (.text:__remli)
                  00009e60    000000a0                 : fopen.obj (.text:_fopen)
                  00009f00    000000a0                 : fprintf.obj (.text:_fprintf)
                  00009fa0    000000a0                 : printf.obj (.text:_printf)
                  0000a040    000000a0                 : lowlev.obj (.text:_unlink)
                  0000a0e0    00000080     global.obj (.text)
                  0000a160    00000080     rts6700.lib : assert.obj (.text:__abort_msg)
                  0000a1e0    00000080                 : llshift.obj (.text:__llshl)
                  0000a260    00000080                 : llshift.obj (.text:__llshru)
                  0000a2e0    00000080                 : boot.obj (.text:_c_int00)
                  0000a360    00000080                 : memccpy.obj (.text:_memccpy)
                  0000a3e0    00000060                 : imath64.obj (.text:__subcull)
                  0000a440    00000040                 : args_main.obj (.text:__args_main)
                  0000a480    00000020                 : negll.obj (.text:__negll)
                  0000a4a0    00000020                 : _lock.obj (.text:__nop)
                  0000a4c0    00000020                 : printf.obj (.text:__outc)
                  0000a4e0    00000020                 : fprintf.obj (.text:__outc)
                  0000a500    00000020                 : printf.obj (.text:__outs)
                  0000a520    00000020                 : fprintf.obj (.text:__outs)
                  0000a540    00000020                 : exit.obj (.text:_abort)
                  0000a560    00000020                 : feof.obj (.text:_feof)
                  0000a580    00000020                 : remove.obj (.text:_remove)

.sysmem    0    0000a5a0    00001f40     UNINITIALIZED
                  0000a5a0    00000008     rts6700.lib : memory.obj (.sysmem)

.stack     0    0000c4e0    00000640     UNINITIALIZED
                  0000c4e0    00000008     rts6700.lib : boot.obj (.stack)

.far       0    0000cb20    000003d4     UNINITIALIZED
                  0000cb20    00000194     rts6700.lib : defs.obj (.far)
                  0000ccb4    000000d0                 : trgdrv.obj (.far)
                  0000cd84    000000cc                 : lowlev.obj (.far)
                  0000ce50    0000008c                 : exit.obj (.far)
                  0000cedc    00000008                 : _lock.obj (.far)
                  0000cee4    00000008                 : memory.obj (.far)
                  0000ceec    00000004                 : errno.obj (.far)
                  0000cef0    00000004                 : fopen.obj (.far)

.const     0    0000cef4    000002d7     
                  0000cef4    0000012d     tester.obj (.const)
                  0000d021    00000003     rts6700.lib : assert.obj (.const)
                  0000d024    00000101                 : ctype.obj (.const)
                  0000d125    00000002                 : fputs.obj (.const)
                  0000d127    00000001     --HOLE-- [fill = 0]
                  0000d128    0000004c     CircularBuffer.obj (.const)
                  0000d174    00000034     global.obj (.const)
                  0000d1a8    00000023     rts6700.lib : _printfi.obj (.const)

.cinit     0    0000d1d0    00000164     
                  0000d1d0    0000005c     rts6700.lib : lowlev.obj (.cinit)
                  0000d22c    00000004     --HOLE-- [fill = 0]
                  0000d230    0000005c                 : defs.obj (.cinit)
                  0000d28c    00000004     --HOLE-- [fill = 0]
                  0000d290    0000002c                 : memory.obj (.cinit)
                  0000d2bc    00000004     --HOLE-- [fill = 0]
                  0000d2c0    0000002c                 : exit.obj (.cinit)
                  0000d2ec    00000004     --HOLE-- [fill = 0]
                  0000d2f0    0000001c                 : _lock.obj (.cinit)
                  0000d30c    00000004     --HOLE-- [fill = 0]
                  0000d310    0000000c                 : errno.obj (.cinit)
                  0000d31c    00000004     --HOLE-- [fill = 0]
                  0000d320    0000000c                 : fopen.obj (.cinit)
                  0000d32c    00000008     --HOLE-- [fill = 0]

.cio       0    0000d334    00000120     UNINITIALIZED
                  0000d334    00000120     rts6700.lib : trgmsg.obj (.cio)

.switch    0    0000d454    00000010     
                  0000d454    00000010     rts6700.lib : frcdivd.obj (.switch)


GLOBAL SYMBOLS: SORTED ALPHABETICALLY BY Name 

address    name
--------   ----
00000000   $bss
00000000   .bss
00000000   .data
00000000   .text
0000a540   C$$EXIT
00009c6c   C$$IO$$
000014e0   _CB_calc_pos
0000199c   _CB_get_elem
000019ec   _CB_get_first_elem
00001808   _CB_init
00001934   _CB_push_elem
000017e4   _CB_size
00009400   _HOSTclose
00007f60   _HOSTlseek
000077e0   _HOSTopen
00008080   _HOSTread
00005860   _HOSTrename
00008e00   _HOSTunlink
000081a0   _HOSTwrite
00006aa4   _MIN
00006ad4   _MIN_size_t
00006a60   _SIGN
0000d334   __CIOBUF_
00000640   __STACK_SIZE
00001f40   __SYSMEM_SIZE
ffffffff   ___binit__
00000000   ___bss__
ffffffff   ___c_args__
0000d1d0   ___cinit__
00000000   ___data__
00000000   ___edata__
00000000   ___end__
0000a5a0   ___etext__
ffffffff   ___pinit__
00000000   ___text__
0000a160   __abort_msg
0000a440   __args_main
000082c0   __auto_init
00006c00   __buff_read
000083e0   __cleanup
0000ced4   __cleanup_ptr
0000d024   __ctypes_
00005160   __divd
00006da0   __divf
00008620   __divli
000095c0   __divu
000053e0   __divul
00004560   __divull
00009680   __doflush
0000ced8   __dtors_ptr
00009740   __fixdli
00009c80   __fltlid
00004880   __frcdivd
00009000   __frcdivf
0000ccb0   __ft_end
0000cb20   __ftable
0000a1e0   __llshl
0000a260   __llshru
0000cedc   __lock
00009d20   __mpyll
0000a480   __negll
0000a4a0   __nop
000023e0   __printfi
00009800   __rd_ok
00009dc0   __remli
0000c4e0   __stack
0000a3e0   __subcull
0000a5a0   __sys_memory
0000cc10   __tmpnams
0000cee0   __unlock
00008740   __wrt_ok
0000a540   _abort
00007920   _atoi
0000a2e0   _c_int00
00000230   _calc_norma
00008860   _close
00006b00   _convert_from_NUM_to_int16
00006b80   _convert_from_int16_to_NUM
00001548   _convolution_CB_and_CB
00001650   _convolution_CB_and_vector
0000ceec   _errno
00007a60   _exit
00007520   _fclose
0000a560   _feof
00007ba0   _fflush
000001ec   _filter_output
00009e60   _fopen
00009f00   _fprintf
000070e0   _fputc
00003400   _fputs
00003ec0   _fread
000037a0   _free
00009300   _frexpf
00008980   _fseek
00000f40   _fwrite
000002e8   _insert_right
00007680   _ldexpf
00008aa0   _lseek
00007ce0   _ltoa
00000e2c   _main
000062e0   _malloc
0000a360   _memccpy
00005620   _memcpy
00007e20   _memset
0000a100   _my_sqrtf
000064e0   _open
00009fa0   _printf
000070e0   _putc
00008bc0   _read
00009a40   _readmsg
0000a580   _remove
00000378   _rlms_func
00000040   _rlms_init
00000000   _rlms_sizeOfRequiredMemory
00005ec0   _setvbuf
0000a0e0   _sqr
000068a0   _sqrtf
000008fc   _testAlgo
00000820   _testBlock
0000a040   _unlink
00008ce0   _write
00009bc0   _writemsg
ffffffff   binit
0000d1d0   cinit
00000000   edata
00000000   end
0000a5a0   etext
ffffffff   pinit


GLOBAL SYMBOLS: SORTED BY Symbol Address 

address    name
--------   ----
00000000   $bss
00000000   .bss
00000000   .data
00000000   .text
00000000   ___bss__
00000000   ___data__
00000000   ___edata__
00000000   ___end__
00000000   ___text__
00000000   _rlms_sizeOfRequiredMemory
00000000   edata
00000000   end
00000040   _rlms_init
000001ec   _filter_output
00000230   _calc_norma
000002e8   _insert_right
00000378   _rlms_func
00000640   __STACK_SIZE
00000820   _testBlock
000008fc   _testAlgo
00000e2c   _main
00000f40   _fwrite
000014e0   _CB_calc_pos
00001548   _convolution_CB_and_CB
00001650   _convolution_CB_and_vector
000017e4   _CB_size
00001808   _CB_init
00001934   _CB_push_elem
0000199c   _CB_get_elem
000019ec   _CB_get_first_elem
00001f40   __SYSMEM_SIZE
000023e0   __printfi
00003400   _fputs
000037a0   _free
00003ec0   _fread
00004560   __divull
00004880   __frcdivd
00005160   __divd
000053e0   __divul
00005620   _memcpy
00005860   _HOSTrename
00005ec0   _setvbuf
000062e0   _malloc
000064e0   _open
000068a0   _sqrtf
00006a60   _SIGN
00006aa4   _MIN
00006ad4   _MIN_size_t
00006b00   _convert_from_NUM_to_int16
00006b80   _convert_from_int16_to_NUM
00006c00   __buff_read
00006da0   __divf
000070e0   _fputc
000070e0   _putc
00007520   _fclose
00007680   _ldexpf
000077e0   _HOSTopen
00007920   _atoi
00007a60   _exit
00007ba0   _fflush
00007ce0   _ltoa
00007e20   _memset
00007f60   _HOSTlseek
00008080   _HOSTread
000081a0   _HOSTwrite
000082c0   __auto_init
000083e0   __cleanup
00008620   __divli
00008740   __wrt_ok
00008860   _close
00008980   _fseek
00008aa0   _lseek
00008bc0   _read
00008ce0   _write
00008e00   _HOSTunlink
00009000   __frcdivf
00009300   _frexpf
00009400   _HOSTclose
000095c0   __divu
00009680   __doflush
00009740   __fixdli
00009800   __rd_ok
00009a40   _readmsg
00009bc0   _writemsg
00009c6c   C$$IO$$
00009c80   __fltlid
00009d20   __mpyll
00009dc0   __remli
00009e60   _fopen
00009f00   _fprintf
00009fa0   _printf
0000a040   _unlink
0000a0e0   _sqr
0000a100   _my_sqrtf
0000a160   __abort_msg
0000a1e0   __llshl
0000a260   __llshru
0000a2e0   _c_int00
0000a360   _memccpy
0000a3e0   __subcull
0000a440   __args_main
0000a480   __negll
0000a4a0   __nop
0000a540   C$$EXIT
0000a540   _abort
0000a560   _feof
0000a580   _remove
0000a5a0   ___etext__
0000a5a0   __sys_memory
0000a5a0   etext
0000c4e0   __stack
0000cb20   __ftable
0000cc10   __tmpnams
0000ccb0   __ft_end
0000ced4   __cleanup_ptr
0000ced8   __dtors_ptr
0000cedc   __lock
0000cee0   __unlock
0000ceec   _errno
0000d024   __ctypes_
0000d1d0   ___cinit__
0000d1d0   cinit
0000d334   __CIOBUF_
ffffffff   ___binit__
ffffffff   ___c_args__
ffffffff   ___pinit__
ffffffff   binit
ffffffff   pinit

[128 symbols]
