******************************************************************************
          TMS320C6x COFF Linker PC v6.0.8                      
******************************************************************************
>> Linked Mon Sep 05 23:14:45 2011

OUTPUT FILE NAME:   <./Debug/rnlms.out>
ENTRY POINT SYMBOL: "_c_int00"  address: 0000a1a0


SECTION ALLOCATION MAP

 output                                  attributes/
section   page    origin      length       input sections
--------  ----  ----------  ----------   ----------------
.bss       0    00000000    00000000     UNINITIALIZED

.data      0    00000000    00000000     UNINITIALIZED

.vectors   0    00000000    00000000     UNINITIALIZED

.text      0    00000000    0000a460     
                  00000000    00000820     rnlms.obj (.text)
                  00000820    000005e0     tester.obj (.text)
                  00000e00    000005a0     rts6700.lib : fwrite.obj (.text:_fwrite)
                  000013a0    00000560     CircularBuffer.obj (.text)
                  00001900    00000520     rts6700.lib : _printfi.obj (.text:__setfield)
                  00001e20    00000480                 : _printfi.obj (.text:__getarg_diouxp)
                  000022a0    00000460                 : _printfi.obj (.text:__printfi)
                  00002700    00000400                 : _printfi.obj (.text:__fcpy)
                  00002b00    000003e0                 : _printfi.obj (.text:_ecvt)
                  00002ee0    000003e0                 : _printfi.obj (.text:_fcvt)
                  000032c0    000003a0                 : fputs.obj (.text:_fputs)
                  00003660    000003a0                 : memory.obj (.text:_free)
                  00003a00    00000380                 : _printfi.obj (.text:__pproc_fwp)
                  00003d80    00000360                 : fread.obj (.text:_fread)
                  000040e0    00000340                 : _printfi.obj (.text:__pconv_e)
                  00004420    00000320                 : imath64.obj (.text:__divull)
                  00004740    00000320                 : frcdivd.obj (.text:__frcdivd)
                  00004a60    000002e0                 : _printfi.obj (.text:__pproc_diouxp)
                  00004d40    000002e0                 : _printfi.obj (.text:__pproc_str)
                  00005020    00000280                 : divd.obj (.text:__divd)
                  000052a0    00000240                 : imath40.obj (.text:__divul)
                  000054e0    00000240                 : memcpy62.obj (.text:_memcpy)
                  00005720    00000220                 : trgdrv.obj (.text:_HOSTrename)
                  00005940    00000220                 : _printfi.obj (.text:__mcpy)
                  00005b60    00000220                 : fopen.obj (.text:__openfile)
                  00005d80    00000220                 : setvbuf.obj (.text:_setvbuf)
                  00005fa0    00000200                 : _printfi.obj (.text:__pconv_g)
                  000061a0    00000200                 : memory.obj (.text:_malloc)
                  000063a0    00000200                 : lowlev.obj (.text:_open)
                  000065a0    000001c0                 : _printfi.obj (.text:__ltostr)
                  00006760    000001c0                 : sqrtf.obj (.text:_sqrtf)
                  00006920    000001a0     utils.obj (.text)
                  00006ac0    000001a0     rts6700.lib : _bufread.obj (.text:__buff_read)
                  00006c60    000001a0                 : divf.obj (.text:__divf)
                  00006e00    000001a0                 : lowlev.obj (.text:_getdevice)
                  00006fa0    00000180                 : fputc.obj (.text:_fputc)
                  00007120    00000160                 : _printfi.obj (.text:__pproc_fflags)
                  00007280    00000160                 : fopen.obj (.text:__search_fp)
                  000073e0    00000160                 : fclose.obj (.text:_fclose)
                  00007540    00000160                 : ldexpf.obj (.text:_ldexpf)
                  000076a0    00000140                 : trgdrv.obj (.text:_HOSTopen)
                  000077e0    00000140                 : atoi.obj (.text:_atoi)
                  00007920    00000140                 : exit.obj (.text:_exit)
                  00007a60    00000140                 : fflush.obj (.text:_fflush)
                  00007ba0    00000140                 : ltoa.obj (.text:_ltoa)
                  00007ce0    00000140                 : memset.obj (.text:_memset)
                  00007e20    00000120                 : trgdrv.obj (.text:_HOSTlseek)
                  00007f40    00000120                 : trgdrv.obj (.text:_HOSTread)
                  00008060    00000120                 : trgdrv.obj (.text:_HOSTwrite)
                  00008180    00000120                 : autoinit.obj (.text:__auto_init)
                  000082a0    00000120                 : fopen.obj (.text:__cleanup)
                  000083c0    00000120                 : _printfi.obj (.text:__div)
                  000084e0    00000120                 : imath40.obj (.text:__divli)
                  00008600    00000120                 : _io_perm.obj (.text:__wrt_ok)
                  00008720    00000120                 : lowlev.obj (.text:_close)
                  00008840    00000120                 : fseek.obj (.text:_fseek)
                  00008960    00000120                 : lowlev.obj (.text:_lseek)
                  00008a80    00000120                 : lowlev.obj (.text:_read)
                  00008ba0    00000120                 : lowlev.obj (.text:_write)
                  00008cc0    00000100                 : trgdrv.obj (.text:_HOSTunlink)
                  00008dc0    00000100                 : _printfi.obj (.text:__ecpy)
                  00008ec0    00000100                 : frcdivf.obj (.text:__frcdivf)
                  00008fc0    00000100                 : _printfi.obj (.text:__pconv_f)
                  000090c0    00000100                 : _printfi.obj (.text:__pproc_fge)
                  000091c0    00000100                 : frexpf.obj (.text:_frexpf)
                  000092c0    000000e0                 : trgdrv.obj (.text:_HOSTclose)
                  000093a0    000000e0                 : memory.obj (.text:_minsert)
                  00009480    000000c0                 : divu.obj (.text:__divu)
                  00009540    000000c0                 : fflush.obj (.text:__doflush)
                  00009600    000000c0                 : fixdli.obj (.text:__fixdli)
                  000096c0    000000c0                 : _io_perm.obj (.text:__rd_ok)
                  00009780    000000c0                 : lowlev.obj (.text:_finddevice)
                  00009840    000000c0                 : memory.obj (.text:_mremove)
                  00009900    000000c0                 : trgmsg.obj (.text:_readmsg)
                  000099c0    000000c0                 : lowlev.obj (.text:_tabinit)
                  00009a80    000000c0                 : trgmsg.obj (.text:_writemsg)
                  00009b40    000000a0                 : fltlid.obj (.text:__fltlid)
                  00009be0    000000a0                 : mpyll.obj (.text:__mpyll)
                  00009c80    000000a0                 : imath40.obj (.text:__remli)
                  00009d20    000000a0                 : fopen.obj (.text:_fopen)
                  00009dc0    000000a0                 : fprintf.obj (.text:_fprintf)
                  00009e60    000000a0                 : printf.obj (.text:_printf)
                  00009f00    000000a0                 : lowlev.obj (.text:_unlink)
                  00009fa0    00000080     global.obj (.text)
                  0000a020    00000080     rts6700.lib : assert.obj (.text:__abort_msg)
                  0000a0a0    00000080                 : llshift.obj (.text:__llshl)
                  0000a120    00000080                 : llshift.obj (.text:__llshru)
                  0000a1a0    00000080                 : boot.obj (.text:_c_int00)
                  0000a220    00000080                 : memccpy.obj (.text:_memccpy)
                  0000a2a0    00000060                 : imath64.obj (.text:__subcull)
                  0000a300    00000040                 : args_main.obj (.text:__args_main)
                  0000a340    00000020                 : negll.obj (.text:__negll)
                  0000a360    00000020                 : _lock.obj (.text:__nop)
                  0000a380    00000020                 : printf.obj (.text:__outc)
                  0000a3a0    00000020                 : fprintf.obj (.text:__outc)
                  0000a3c0    00000020                 : printf.obj (.text:__outs)
                  0000a3e0    00000020                 : fprintf.obj (.text:__outs)
                  0000a400    00000020                 : exit.obj (.text:_abort)
                  0000a420    00000020                 : feof.obj (.text:_feof)
                  0000a440    00000020                 : remove.obj (.text:_remove)

.far       0    0000a460    00002ae4     UNINITIALIZED
                  0000a460    00002710     tester.obj (.far)
                  0000cb70    00000194     rts6700.lib : defs.obj (.far)
                  0000cd04    000000d0                 : trgdrv.obj (.far)
                  0000cdd4    000000cc                 : lowlev.obj (.far)
                  0000cea0    0000008c                 : exit.obj (.far)
                  0000cf2c    00000008                 : _lock.obj (.far)
                  0000cf34    00000008                 : memory.obj (.far)
                  0000cf3c    00000004                 : errno.obj (.far)
                  0000cf40    00000004                 : fopen.obj (.far)

.stack     0    0000cf48    000004b0     UNINITIALIZED
                  0000cf48    00000008     rts6700.lib : boot.obj (.stack)

.sysmem    0    0000d3f8    000004b0     UNINITIALIZED
                  0000d3f8    00000008     rts6700.lib : memory.obj (.sysmem)

.const     0    0000d8a8    00000287     
                  0000d8a8    00000101     rts6700.lib : ctype.obj (.const)
                  0000d9a9    00000003                 : assert.obj (.const)
                  0000d9ac    000000dd     tester.obj (.const)
                  0000da89    00000002     rts6700.lib : fputs.obj (.const)
                  0000da8b    00000001     --HOLE-- [fill = 0]
                  0000da8c    0000004c     CircularBuffer.obj (.const)
                  0000dad8    00000034     global.obj (.const)
                  0000db0c    00000023     rts6700.lib : _printfi.obj (.const)

.cinit     0    0000db30    00000164     
                  0000db30    0000005c     rts6700.lib : lowlev.obj (.cinit)
                  0000db8c    00000004     --HOLE-- [fill = 0]
                  0000db90    0000005c                 : defs.obj (.cinit)
                  0000dbec    00000004     --HOLE-- [fill = 0]
                  0000dbf0    0000002c                 : memory.obj (.cinit)
                  0000dc1c    00000004     --HOLE-- [fill = 0]
                  0000dc20    0000002c                 : exit.obj (.cinit)
                  0000dc4c    00000004     --HOLE-- [fill = 0]
                  0000dc50    0000001c                 : _lock.obj (.cinit)
                  0000dc6c    00000004     --HOLE-- [fill = 0]
                  0000dc70    0000000c                 : errno.obj (.cinit)
                  0000dc7c    00000004     --HOLE-- [fill = 0]
                  0000dc80    0000000c                 : fopen.obj (.cinit)
                  0000dc8c    00000008     --HOLE-- [fill = 0]

.cio       0    0000dc94    00000120     UNINITIALIZED
                  0000dc94    00000120     rts6700.lib : trgmsg.obj (.cio)

.switch    0    0000ddb4    00000010     
                  0000ddb4    00000010     rts6700.lib : frcdivd.obj (.switch)


GLOBAL SYMBOLS: SORTED ALPHABETICALLY BY Name 

address    name
--------   ----
00000000   $bss
00000000   .bss
00000000   .data
00000000   .text
0000a400   C$$EXIT
00009b2c   C$$IO$$
000013a0   _CB_calc_pos
0000185c   _CB_get_elem
000018ac   _CB_get_first_elem
000016c8   _CB_init
000017f4   _CB_push_elem
000016a4   _CB_size
000092c0   _HOSTclose
00007e20   _HOSTlseek
000076a0   _HOSTopen
00007f40   _HOSTread
00005720   _HOSTrename
00008cc0   _HOSTunlink
00008060   _HOSTwrite
00006964   _MIN
00006994   _MIN_size_t
00006920   _SIGN
0000dc94   __CIOBUF_
000004b0   __STACK_SIZE
000004b0   __SYSMEM_SIZE
ffffffff   ___binit__
00000000   ___bss__
ffffffff   ___c_args__
0000db30   ___cinit__
00000000   ___data__
00000000   ___edata__
00000000   ___end__
0000a460   ___etext__
ffffffff   ___pinit__
00000000   ___text__
0000a020   __abort_msg
0000a300   __args_main
00008180   __auto_init
00006ac0   __buff_read
000082a0   __cleanup
0000cf24   __cleanup_ptr
0000d8a8   __ctypes_
00005020   __divd
00006c60   __divf
000084e0   __divli
00009480   __divu
000052a0   __divul
00004420   __divull
00009540   __doflush
0000cf28   __dtors_ptr
00009600   __fixdli
00009b40   __fltlid
00004740   __frcdivd
00008ec0   __frcdivf
0000cd00   __ft_end
0000cb70   __ftable
0000a0a0   __llshl
0000a120   __llshru
0000cf2c   __lock
00009be0   __mpyll
0000a340   __negll
0000a360   __nop
000022a0   __printfi
000096c0   __rd_ok
00009c80   __remli
0000cf48   __stack
0000a2a0   __subcull
0000d3f8   __sys_memory
0000cc60   __tmpnams
0000cf30   __unlock
00008600   __wrt_ok
0000a400   _abort
000077e0   _atoi
0000a1a0   _c_int00
00000230   _calc_norma
00008720   _close
000069c0   _convert_from_NUM_to_int16
00006a40   _convert_from_int16_to_NUM
00001408   _convolution_CB_and_CB
00001510   _convolution_CB_and_vector
0000cf3c   _errno
00007920   _exit
000073e0   _fclose
0000a420   _feof
00007a60   _fflush
0000a460   _filterStruct
000001ec   _filter_output
00009d20   _fopen
00009dc0   _fprintf
00006fa0   _fputc
000032c0   _fputs
00003d80   _fread
00003660   _free
000091c0   _frexpf
00008840   _fseek
00000e00   _fwrite
000002e8   _insert_right
00007540   _ldexpf
00008960   _lseek
00007ba0   _ltoa
00000cfc   _main
000061a0   _malloc
0000a220   _memccpy
000054e0   _memcpy
00007ce0   _memset
00009fc0   _my_sqrtf
000063a0   _open
00009e60   _printf
00006fa0   _putc
00008a80   _read
00009900   _readmsg
0000a440   _remove
00000378   _rlms_func
00000040   _rlms_init
00000000   _rlms_sizeOfRequiredMemory
00005d80   _setvbuf
00009fa0   _sqr
00006760   _sqrtf
000008fc   _testAlgo
00000820   _testBlock
00009f00   _unlink
00008ba0   _write
00009a80   _writemsg
ffffffff   binit
0000db30   cinit
00000000   edata
00000000   end
0000a460   etext
ffffffff   pinit


GLOBAL SYMBOLS: SORTED BY Symbol Address 

address    name
--------   ----
00000000   $bss
00000000   .bss
00000000   .data
00000000   .text
00000000   ___bss__
00000000   ___data__
00000000   ___edata__
00000000   ___end__
00000000   ___text__
00000000   _rlms_sizeOfRequiredMemory
00000000   edata
00000000   end
00000040   _rlms_init
000001ec   _filter_output
00000230   _calc_norma
000002e8   _insert_right
00000378   _rlms_func
000004b0   __STACK_SIZE
000004b0   __SYSMEM_SIZE
00000820   _testBlock
000008fc   _testAlgo
00000cfc   _main
00000e00   _fwrite
000013a0   _CB_calc_pos
00001408   _convolution_CB_and_CB
00001510   _convolution_CB_and_vector
000016a4   _CB_size
000016c8   _CB_init
000017f4   _CB_push_elem
0000185c   _CB_get_elem
000018ac   _CB_get_first_elem
000022a0   __printfi
000032c0   _fputs
00003660   _free
00003d80   _fread
00004420   __divull
00004740   __frcdivd
00005020   __divd
000052a0   __divul
000054e0   _memcpy
00005720   _HOSTrename
00005d80   _setvbuf
000061a0   _malloc
000063a0   _open
00006760   _sqrtf
00006920   _SIGN
00006964   _MIN
00006994   _MIN_size_t
000069c0   _convert_from_NUM_to_int16
00006a40   _convert_from_int16_to_NUM
00006ac0   __buff_read
00006c60   __divf
00006fa0   _fputc
00006fa0   _putc
000073e0   _fclose
00007540   _ldexpf
000076a0   _HOSTopen
000077e0   _atoi
00007920   _exit
00007a60   _fflush
00007ba0   _ltoa
00007ce0   _memset
00007e20   _HOSTlseek
00007f40   _HOSTread
00008060   _HOSTwrite
00008180   __auto_init
000082a0   __cleanup
000084e0   __divli
00008600   __wrt_ok
00008720   _close
00008840   _fseek
00008960   _lseek
00008a80   _read
00008ba0   _write
00008cc0   _HOSTunlink
00008ec0   __frcdivf
000091c0   _frexpf
000092c0   _HOSTclose
00009480   __divu
00009540   __doflush
00009600   __fixdli
000096c0   __rd_ok
00009900   _readmsg
00009a80   _writemsg
00009b2c   C$$IO$$
00009b40   __fltlid
00009be0   __mpyll
00009c80   __remli
00009d20   _fopen
00009dc0   _fprintf
00009e60   _printf
00009f00   _unlink
00009fa0   _sqr
00009fc0   _my_sqrtf
0000a020   __abort_msg
0000a0a0   __llshl
0000a120   __llshru
0000a1a0   _c_int00
0000a220   _memccpy
0000a2a0   __subcull
0000a300   __args_main
0000a340   __negll
0000a360   __nop
0000a400   C$$EXIT
0000a400   _abort
0000a420   _feof
0000a440   _remove
0000a460   ___etext__
0000a460   _filterStruct
0000a460   etext
0000cb70   __ftable
0000cc60   __tmpnams
0000cd00   __ft_end
0000cf24   __cleanup_ptr
0000cf28   __dtors_ptr
0000cf2c   __lock
0000cf30   __unlock
0000cf3c   _errno
0000cf48   __stack
0000d3f8   __sys_memory
0000d8a8   __ctypes_
0000db30   ___cinit__
0000db30   cinit
0000dc94   __CIOBUF_
ffffffff   ___binit__
ffffffff   ___c_args__
ffffffff   ___pinit__
ffffffff   binit
ffffffff   pinit

[129 symbols]
